Archive member included because of file (symbol)

/usr/lib/gcc/arm-none-eabi/4.8.2/../../../arm-none-eabi/lib/armv7e-m/softfp/libc.a(lib_a-memcpy.o)
                              build/FreeRTOS/queue.o (memcpy)
/usr/lib/gcc/arm-none-eabi/4.8.2/../../../arm-none-eabi/lib/armv7e-m/softfp/libc.a(lib_a-memset.o)
                              build/FreeRTOS/tasks.o (memset)

Discarded input sections

 .ARM.attributes
                0x0000000000000000       0x20 /usr/lib/gcc/arm-none-eabi/4.8.2/../../../arm-none-eabi/lib/armv7e-m/softfp/libc.a(lib_a-memcpy.o)
 .debug_line    0x0000000000000000       0xbb /usr/lib/gcc/arm-none-eabi/4.8.2/../../../arm-none-eabi/lib/armv7e-m/softfp/libc.a(lib_a-memcpy.o)
 .debug_info    0x0000000000000000       0xbd /usr/lib/gcc/arm-none-eabi/4.8.2/../../../arm-none-eabi/lib/armv7e-m/softfp/libc.a(lib_a-memcpy.o)
 .debug_abbrev  0x0000000000000000       0x14 /usr/lib/gcc/arm-none-eabi/4.8.2/../../../arm-none-eabi/lib/armv7e-m/softfp/libc.a(lib_a-memcpy.o)
 .debug_aranges
                0x0000000000000000       0x20 /usr/lib/gcc/arm-none-eabi/4.8.2/../../../arm-none-eabi/lib/armv7e-m/softfp/libc.a(lib_a-memcpy.o)
 .debug_info    0x0000000000000000      0x117 /usr/lib/gcc/arm-none-eabi/4.8.2/../../../arm-none-eabi/lib/armv7e-m/softfp/libc.a(lib_a-memset.o)
 .debug_abbrev  0x0000000000000000       0x9f /usr/lib/gcc/arm-none-eabi/4.8.2/../../../arm-none-eabi/lib/armv7e-m/softfp/libc.a(lib_a-memset.o)
 .debug_loc     0x0000000000000000      0x18b /usr/lib/gcc/arm-none-eabi/4.8.2/../../../arm-none-eabi/lib/armv7e-m/softfp/libc.a(lib_a-memset.o)
 .debug_aranges
                0x0000000000000000       0x20 /usr/lib/gcc/arm-none-eabi/4.8.2/../../../arm-none-eabi/lib/armv7e-m/softfp/libc.a(lib_a-memset.o)
 .debug_ranges  0x0000000000000000       0x10 /usr/lib/gcc/arm-none-eabi/4.8.2/../../../arm-none-eabi/lib/armv7e-m/softfp/libc.a(lib_a-memset.o)
 .debug_line    0x0000000000000000      0x102 /usr/lib/gcc/arm-none-eabi/4.8.2/../../../arm-none-eabi/lib/armv7e-m/softfp/libc.a(lib_a-memset.o)
 .debug_str     0x0000000000000000      0x207 /usr/lib/gcc/arm-none-eabi/4.8.2/../../../arm-none-eabi/lib/armv7e-m/softfp/libc.a(lib_a-memset.o)
 .comment       0x0000000000000000       0x20 /usr/lib/gcc/arm-none-eabi/4.8.2/../../../arm-none-eabi/lib/armv7e-m/softfp/libc.a(lib_a-memset.o)
 .ARM.attributes
                0x0000000000000000       0x32 /usr/lib/gcc/arm-none-eabi/4.8.2/../../../arm-none-eabi/lib/armv7e-m/softfp/libc.a(lib_a-memset.o)
 .debug_frame   0x0000000000000000       0x2c /usr/lib/gcc/arm-none-eabi/4.8.2/../../../arm-none-eabi/lib/armv7e-m/softfp/libc.a(lib_a-memset.o)

Memory Configuration

Name             Origin             Length             Attributes
FLASH            0x0000000008000000 0x0000000000200000 xr
RAM              0x0000000020000000 0x0000000000030000 xrw
MEMORY_B1        0x0000000060000000 0x0000000000000000 xr
CCMRAM           0x0000000010000000 0x0000000000010000 rw
*default*        0x0000000000000000 0xffffffffffffffff

Linker script and memory map

LOAD build/CORTEX_M4F_STM32F4/startup_stm32f429_439xx.o
LOAD build/CORTEX_M4F_STM32F4/startup/system_stm32f4xx.o
LOAD build/src/main.o
LOAD build/FreeRTOS/croutine.o
LOAD build/FreeRTOS/event_groups.o
LOAD build/FreeRTOS/list.o
LOAD build/FreeRTOS/queue.o
LOAD build/FreeRTOS/tasks.o
LOAD build/FreeRTOS/timers.o
LOAD build/FreeRTOS/portable/GCC/ARM_CM4F/port.o
LOAD build/FreeRTOS/portable/MemMang/heap_1.o
LOAD build/CORTEX_M4F_STM32F4/Libraries/STM32F4xx_StdPeriph_Driver/src/misc.o
LOAD build/CORTEX_M4F_STM32F4/Libraries/STM32F4xx_StdPeriph_Driver/src/stm32f4xx_gpio.o
LOAD build/CORTEX_M4F_STM32F4/Libraries/STM32F4xx_StdPeriph_Driver/src/stm32f4xx_rcc.o
LOAD build/CORTEX_M4F_STM32F4/Libraries/STM32F4xx_StdPeriph_Driver/src/stm32f4xx_usart.o
LOAD build/CORTEX_M4F_STM32F4/Libraries/STM32F4xx_StdPeriph_Driver/src/stm32f4xx_syscfg.o
LOAD build/CORTEX_M4F_STM32F4/Libraries/STM32F4xx_StdPeriph_Driver/src/stm32f4xx_i2c.o
LOAD build/CORTEX_M4F_STM32F4/Libraries/STM32F4xx_StdPeriph_Driver/src/stm32f4xx_dma.o
LOAD build/CORTEX_M4F_STM32F4/Libraries/STM32F4xx_StdPeriph_Driver/src/stm32f4xx_spi.o
LOAD build/CORTEX_M4F_STM32F4/Libraries/STM32F4xx_StdPeriph_Driver/src/stm32f4xx_exti.o
LOAD build/CORTEX_M4F_STM32F4/Libraries/STM32F4xx_StdPeriph_Driver/src/stm32f4xx_dma2d.o
LOAD build/CORTEX_M4F_STM32F4/Libraries/STM32F4xx_StdPeriph_Driver/src/stm32f4xx_ltdc.o
LOAD build/CORTEX_M4F_STM32F4/Libraries/STM32F4xx_StdPeriph_Driver/src/stm32f4xx_fmc.o
LOAD build/CORTEX_M4F_STM32F4/Libraries/STM32F4xx_StdPeriph_Driver/src/stm32f4xx_rng.o
                0x0000000020030000                _estack = 0x20030000
                0x0000000000000000                _Min_Heap_Size = 0x0
                0x0000000000000400                _Min_Stack_Size = 0x400

.isr_vector     0x0000000008000000      0x1ac
                0x0000000008000000                . = ALIGN (0x4)
 *(.isr_vector)
 .isr_vector    0x0000000008000000      0x1ac build/CORTEX_M4F_STM32F4/startup_stm32f429_439xx.o
                0x0000000008000000                g_pfnVectors
                0x00000000080001ac                . = ALIGN (0x4)

.text           0x00000000080001ac     0xa3b0
                0x00000000080001ac                . = ALIGN (0x4)
 *(.text)
 .text          0x00000000080001ac       0x14 build/CORTEX_M4F_STM32F4/startup_stm32f429_439xx.o
 .text          0x00000000080001c0        0x0 build/CORTEX_M4F_STM32F4/startup/system_stm32f4xx.o
 .text          0x00000000080001c0        0x0 build/src/main.o
 .text          0x00000000080001c0        0x0 build/FreeRTOS/croutine.o
 .text          0x00000000080001c0        0x0 build/FreeRTOS/event_groups.o
 .text          0x00000000080001c0        0x0 build/FreeRTOS/list.o
 .text          0x00000000080001c0        0x0 build/FreeRTOS/queue.o
 .text          0x00000000080001c0        0x0 build/FreeRTOS/tasks.o
 .text          0x00000000080001c0        0x0 build/FreeRTOS/timers.o
 .text          0x00000000080001c0        0x0 build/FreeRTOS/portable/GCC/ARM_CM4F/port.o
 .text          0x00000000080001c0        0x0 build/FreeRTOS/portable/MemMang/heap_1.o
 .text          0x00000000080001c0        0x0 build/CORTEX_M4F_STM32F4/Libraries/STM32F4xx_StdPeriph_Driver/src/misc.o
 .text          0x00000000080001c0        0x0 build/CORTEX_M4F_STM32F4/Libraries/STM32F4xx_StdPeriph_Driver/src/stm32f4xx_gpio.o
 .text          0x00000000080001c0        0x0 build/CORTEX_M4F_STM32F4/Libraries/STM32F4xx_StdPeriph_Driver/src/stm32f4xx_rcc.o
 .text          0x00000000080001c0        0x0 build/CORTEX_M4F_STM32F4/Libraries/STM32F4xx_StdPeriph_Driver/src/stm32f4xx_usart.o
 .text          0x00000000080001c0        0x0 build/CORTEX_M4F_STM32F4/Libraries/STM32F4xx_StdPeriph_Driver/src/stm32f4xx_syscfg.o
 .text          0x00000000080001c0        0x0 build/CORTEX_M4F_STM32F4/Libraries/STM32F4xx_StdPeriph_Driver/src/stm32f4xx_i2c.o
 .text          0x00000000080001c0        0x0 build/CORTEX_M4F_STM32F4/Libraries/STM32F4xx_StdPeriph_Driver/src/stm32f4xx_dma.o
 .text          0x00000000080001c0        0x0 build/CORTEX_M4F_STM32F4/Libraries/STM32F4xx_StdPeriph_Driver/src/stm32f4xx_spi.o
 .text          0x00000000080001c0        0x0 build/CORTEX_M4F_STM32F4/Libraries/STM32F4xx_StdPeriph_Driver/src/stm32f4xx_exti.o
 .text          0x00000000080001c0        0x0 build/CORTEX_M4F_STM32F4/Libraries/STM32F4xx_StdPeriph_Driver/src/stm32f4xx_dma2d.o
 .text          0x00000000080001c0        0x0 build/CORTEX_M4F_STM32F4/Libraries/STM32F4xx_StdPeriph_Driver/src/stm32f4xx_ltdc.o
 .text          0x00000000080001c0        0x0 build/CORTEX_M4F_STM32F4/Libraries/STM32F4xx_StdPeriph_Driver/src/stm32f4xx_fmc.o
 .text          0x00000000080001c0        0x0 build/CORTEX_M4F_STM32F4/Libraries/STM32F4xx_StdPeriph_Driver/src/stm32f4xx_rng.o
 .text          0x00000000080001c0      0x134 /usr/lib/gcc/arm-none-eabi/4.8.2/../../../arm-none-eabi/lib/armv7e-m/softfp/libc.a(lib_a-memcpy.o)
                0x00000000080001c0                memcpy
 .text          0x00000000080002f4        0x0 /usr/lib/gcc/arm-none-eabi/4.8.2/../../../arm-none-eabi/lib/armv7e-m/softfp/libc.a(lib_a-memset.o)
 *(.text*)
 .text.Reset_Handler
                0x00000000080002f4       0x44 build/CORTEX_M4F_STM32F4/startup_stm32f429_439xx.o
                0x00000000080002f4                Reset_Handler
 .text.Default_Handler
                0x0000000008000338        0x2 build/CORTEX_M4F_STM32F4/startup_stm32f429_439xx.o
                0x0000000008000338                RTC_Alarm_IRQHandler
                0x0000000008000338                HASH_RNG_IRQHandler
                0x0000000008000338                EXTI2_IRQHandler
                0x0000000008000338                TIM8_CC_IRQHandler
                0x0000000008000338                DebugMon_Handler
                0x0000000008000338                UART8_IRQHandler
                0x0000000008000338                SPI4_IRQHandler
                0x0000000008000338                TIM1_CC_IRQHandler
                0x0000000008000338                DMA2_Stream5_IRQHandler
                0x0000000008000338                HardFault_Handler
                0x0000000008000338                DMA1_Stream5_IRQHandler
                0x0000000008000338                PVD_IRQHandler
                0x0000000008000338                SDIO_IRQHandler
                0x0000000008000338                TAMP_STAMP_IRQHandler
                0x0000000008000338                NMI_Handler
                0x0000000008000338                CAN2_RX1_IRQHandler
                0x0000000008000338                EXTI3_IRQHandler
                0x0000000008000338                TIM8_TRG_COM_TIM14_IRQHandler
                0x0000000008000338                TIM1_UP_TIM10_IRQHandler
                0x0000000008000338                TIM8_UP_TIM13_IRQHandler
                0x0000000008000338                I2C3_ER_IRQHandler
                0x0000000008000338                EXTI0_IRQHandler
                0x0000000008000338                I2C2_EV_IRQHandler
                0x0000000008000338                DMA1_Stream2_IRQHandler
                0x0000000008000338                CAN1_RX0_IRQHandler
                0x0000000008000338                FPU_IRQHandler
                0x0000000008000338                OTG_HS_WKUP_IRQHandler
                0x0000000008000338                UsageFault_Handler
                0x0000000008000338                LTDC_ER_IRQHandler
                0x0000000008000338                CAN2_SCE_IRQHandler
                0x0000000008000338                DMA2_Stream2_IRQHandler
                0x0000000008000338                SPI1_IRQHandler
                0x0000000008000338                TIM6_DAC_IRQHandler
                0x0000000008000338                TIM1_BRK_TIM9_IRQHandler
                0x0000000008000338                DCMI_IRQHandler
                0x0000000008000338                CAN2_RX0_IRQHandler
                0x0000000008000338                DMA2_Stream3_IRQHandler
                0x0000000008000338                USART6_IRQHandler
                0x0000000008000338                USART3_IRQHandler
                0x0000000008000338                CRYP_IRQHandler
                0x0000000008000338                CAN1_RX1_IRQHandler
                0x0000000008000338                UART5_IRQHandler
                0x0000000008000338                DMA2_Stream0_IRQHandler
                0x0000000008000338                TIM4_IRQHandler
                0x0000000008000338                I2C1_EV_IRQHandler
                0x0000000008000338                DMA1_Stream6_IRQHandler
                0x0000000008000338                DMA1_Stream1_IRQHandler
                0x0000000008000338                UART4_IRQHandler
                0x0000000008000338                TIM3_IRQHandler
                0x0000000008000338                RCC_IRQHandler
                0x0000000008000338                TIM8_BRK_TIM12_IRQHandler
                0x0000000008000338                Default_Handler
                0x0000000008000338                EXTI15_10_IRQHandler
                0x0000000008000338                ADC_IRQHandler
                0x0000000008000338                DMA1_Stream7_IRQHandler
                0x0000000008000338                SPI5_IRQHandler
                0x0000000008000338                TIM7_IRQHandler
                0x0000000008000338                CAN2_TX_IRQHandler
                0x0000000008000338                TIM5_IRQHandler
                0x0000000008000338                DMA2_Stream7_IRQHandler
                0x0000000008000338                I2C3_EV_IRQHandler
                0x0000000008000338                EXTI9_5_IRQHandler
                0x0000000008000338                RTC_WKUP_IRQHandler
                0x0000000008000338                LTDC_IRQHandler
                0x0000000008000338                ETH_WKUP_IRQHandler
                0x0000000008000338                SPI2_IRQHandler
                0x0000000008000338                OTG_HS_EP1_IN_IRQHandler
                0x0000000008000338                MemManage_Handler
                0x0000000008000338                DMA1_Stream0_IRQHandler
                0x0000000008000338                CAN1_TX_IRQHandler
                0x0000000008000338                EXTI4_IRQHandler
                0x0000000008000338                FSMC_IRQHandler
                0x0000000008000338                ETH_IRQHandler
                0x0000000008000338                OTG_HS_EP1_OUT_IRQHandler
                0x0000000008000338                WWDG_IRQHandler
                0x0000000008000338                SPI6_IRQHandler
                0x0000000008000338                TIM2_IRQHandler
                0x0000000008000338                OTG_FS_WKUP_IRQHandler
                0x0000000008000338                TIM1_TRG_COM_TIM11_IRQHandler
                0x0000000008000338                OTG_HS_IRQHandler
                0x0000000008000338                DMA2D_IRQHandler
                0x0000000008000338                EXTI1_IRQHandler
                0x0000000008000338                UART7_IRQHandler
                0x0000000008000338                USART2_IRQHandler
                0x0000000008000338                I2C2_ER_IRQHandler
                0x0000000008000338                DMA2_Stream1_IRQHandler
                0x0000000008000338                CAN1_SCE_IRQHandler
                0x0000000008000338                FLASH_IRQHandler
                0x0000000008000338                DMA2_Stream4_IRQHandler
                0x0000000008000338                BusFault_Handler
                0x0000000008000338                USART1_IRQHandler
                0x0000000008000338                OTG_FS_IRQHandler
                0x0000000008000338                SPI3_IRQHandler
                0x0000000008000338                DMA1_Stream4_IRQHandler
                0x0000000008000338                I2C1_ER_IRQHandler
                0x0000000008000338                DMA2_Stream6_IRQHandler
                0x0000000008000338                SAI1_IRQHandler
                0x0000000008000338                DMA1_Stream3_IRQHandler
 *fill*         0x000000000800033a        0x2 
 .text.SystemInit
                0x000000000800033c       0xac build/CORTEX_M4F_STM32F4/startup/system_stm32f4xx.o
                0x000000000800033c                SystemInit
 .text.SystemCoreClockUpdate
                0x00000000080003e8      0x154 build/CORTEX_M4F_STM32F4/startup/system_stm32f4xx.o
                0x00000000080003e8                SystemCoreClockUpdate
 .text.SetSysClock
                0x000000000800053c      0x17c build/CORTEX_M4F_STM32F4/startup/system_stm32f4xx.o
 .text.RCC_Configuration
                0x00000000080006b8       0x10 build/src/main.o
                0x00000000080006b8                RCC_Configuration
 .text.GPIO_Configuration
                0x00000000080006c8       0x34 build/src/main.o
                0x00000000080006c8                GPIO_Configuration
 .text.main     0x00000000080006fc       0x5c build/src/main.o
                0x00000000080006fc                main
 .text.xCoRoutineCreate
                0x0000000008000758       0xdc build/FreeRTOS/croutine.o
                0x0000000008000758                xCoRoutineCreate
 .text.vCoRoutineAddToDelayedList
                0x0000000008000834       0xa8 build/FreeRTOS/croutine.o
                0x0000000008000834                vCoRoutineAddToDelayedList
 .text.prvCheckPendingReadyList
                0x00000000080008dc       0x8c build/FreeRTOS/croutine.o
 .text.prvCheckDelayedList
                0x0000000008000968      0x154 build/FreeRTOS/croutine.o
 .text.vCoRoutineSchedule
                0x0000000008000abc       0xd8 build/FreeRTOS/croutine.o
                0x0000000008000abc                vCoRoutineSchedule
 .text.prvInitialiseCoRoutineLists
                0x0000000008000b94       0x80 build/FreeRTOS/croutine.o
 .text.xCoRoutineRemoveFromEventList
                0x0000000008000c14       0x54 build/FreeRTOS/croutine.o
                0x0000000008000c14                xCoRoutineRemoveFromEventList
 .text.xEventGroupCreate
                0x0000000008000c68       0x30 build/FreeRTOS/event_groups.o
                0x0000000008000c68                xEventGroupCreate
 .text.xEventGroupSync
                0x0000000008000c98      0x11c build/FreeRTOS/event_groups.o
                0x0000000008000c98                xEventGroupSync
 .text.xEventGroupWaitBits
                0x0000000008000db4      0x140 build/FreeRTOS/event_groups.o
                0x0000000008000db4                xEventGroupWaitBits
 .text.xEventGroupClearBits
                0x0000000008000ef4       0x44 build/FreeRTOS/event_groups.o
                0x0000000008000ef4                xEventGroupClearBits
 .text.xEventGroupClearBitsFromISR
                0x0000000008000f38       0x48 build/FreeRTOS/event_groups.o
                0x0000000008000f38                xEventGroupClearBitsFromISR
 .text.xEventGroupSetBits
                0x0000000008000f80       0xec build/FreeRTOS/event_groups.o
                0x0000000008000f80                xEventGroupSetBits
 .text.vEventGroupDelete
                0x000000000800106c       0x50 build/FreeRTOS/event_groups.o
                0x000000000800106c                vEventGroupDelete
 .text.vEventGroupSetBitsCallback
                0x00000000080010bc       0x18 build/FreeRTOS/event_groups.o
                0x00000000080010bc                vEventGroupSetBitsCallback
 .text.prvTestWaitCondition
                0x00000000080010d4       0x44 build/FreeRTOS/event_groups.o
 .text.uxEventGroupGetNumber
                0x0000000008001118       0x2c build/FreeRTOS/event_groups.o
                0x0000000008001118                uxEventGroupGetNumber
 .text.vListInitialise
                0x0000000008001144       0x40 build/FreeRTOS/list.o
                0x0000000008001144                vListInitialise
 .text.vListInitialiseItem
                0x0000000008001184       0x18 build/FreeRTOS/list.o
                0x0000000008001184                vListInitialiseItem
 .text.vListInsertEnd
                0x000000000800119c       0x48 build/FreeRTOS/list.o
                0x000000000800119c                vListInsertEnd
 .text.vListInsert
                0x00000000080011e4       0x70 build/FreeRTOS/list.o
                0x00000000080011e4                vListInsert
 .text.uxListRemove
                0x0000000008001254       0x54 build/FreeRTOS/list.o
                0x0000000008001254                uxListRemove
 .text.xQueueGenericReset
                0x00000000080012a8       0xb0 build/FreeRTOS/queue.o
                0x00000000080012a8                xQueueGenericReset
 .text.xQueueGenericCreate
                0x0000000008001358       0x84 build/FreeRTOS/queue.o
                0x0000000008001358                xQueueGenericCreate
 .text.xQueueCreateMutex
                0x00000000080013dc       0x90 build/FreeRTOS/queue.o
                0x00000000080013dc                xQueueCreateMutex
 .text.xQueueGiveMutexRecursive
                0x000000000800146c       0x58 build/FreeRTOS/queue.o
                0x000000000800146c                xQueueGiveMutexRecursive
 .text.xQueueTakeMutexRecursive
                0x00000000080014c4       0x60 build/FreeRTOS/queue.o
                0x00000000080014c4                xQueueTakeMutexRecursive
 .text.xQueueCreateCountingSemaphore
                0x0000000008001524       0x54 build/FreeRTOS/queue.o
                0x0000000008001524                xQueueCreateCountingSemaphore
 .text.xQueueGenericSend
                0x0000000008001578      0x180 build/FreeRTOS/queue.o
                0x0000000008001578                xQueueGenericSend
 .text.xQueueGenericSendFromISR
                0x00000000080016f8       0xd4 build/FreeRTOS/queue.o
                0x00000000080016f8                xQueueGenericSendFromISR
 .text.xQueueGenericReceive
                0x00000000080017cc      0x1bc build/FreeRTOS/queue.o
                0x00000000080017cc                xQueueGenericReceive
 .text.xQueueReceiveFromISR
                0x0000000008001988       0xb4 build/FreeRTOS/queue.o
                0x0000000008001988                xQueueReceiveFromISR
 .text.xQueuePeekFromISR
                0x0000000008001a3c       0x78 build/FreeRTOS/queue.o
                0x0000000008001a3c                xQueuePeekFromISR
 .text.uxQueueMessagesWaiting
                0x0000000008001ab4       0x2c build/FreeRTOS/queue.o
                0x0000000008001ab4                uxQueueMessagesWaiting
 .text.uxQueueSpacesAvailable
                0x0000000008001ae0       0x38 build/FreeRTOS/queue.o
                0x0000000008001ae0                uxQueueSpacesAvailable
 .text.uxQueueMessagesWaitingFromISR
                0x0000000008001b18       0x24 build/FreeRTOS/queue.o
                0x0000000008001b18                uxQueueMessagesWaitingFromISR
 .text.vQueueDelete
                0x0000000008001b3c       0x3c build/FreeRTOS/queue.o
                0x0000000008001b3c                vQueueDelete
 .text.uxQueueGetQueueNumber
                0x0000000008001b78       0x18 build/FreeRTOS/queue.o
                0x0000000008001b78                uxQueueGetQueueNumber
 .text.vQueueSetQueueNumber
                0x0000000008001b90       0x1c build/FreeRTOS/queue.o
                0x0000000008001b90                vQueueSetQueueNumber
 .text.ucQueueGetQueueType
                0x0000000008001bac       0x1c build/FreeRTOS/queue.o
                0x0000000008001bac                ucQueueGetQueueType
 .text.prvCopyDataToQueue
                0x0000000008001bc8       0xd0 build/FreeRTOS/queue.o
 .text.prvCopyDataFromQueue
                0x0000000008001c98       0x4c build/FreeRTOS/queue.o
 .text.prvUnlockQueue
                0x0000000008001ce4       0x98 build/FreeRTOS/queue.o
 .text.prvIsQueueEmpty
                0x0000000008001d7c       0x2c build/FreeRTOS/queue.o
 .text.xQueueIsQueueEmptyFromISR
                0x0000000008001da8       0x30 build/FreeRTOS/queue.o
                0x0000000008001da8                xQueueIsQueueEmptyFromISR
 .text.prvIsQueueFull
                0x0000000008001dd8       0x30 build/FreeRTOS/queue.o
 .text.xQueueIsQueueFullFromISR
                0x0000000008001e08       0x34 build/FreeRTOS/queue.o
                0x0000000008001e08                xQueueIsQueueFullFromISR
 .text.vQueueAddToRegistry
                0x0000000008001e3c       0x5c build/FreeRTOS/queue.o
                0x0000000008001e3c                vQueueAddToRegistry
 .text.vQueueUnregisterQueue
                0x0000000008001e98       0x4c build/FreeRTOS/queue.o
                0x0000000008001e98                vQueueUnregisterQueue
 .text.vQueueWaitForMessageRestricted
                0x0000000008001ee4       0x58 build/FreeRTOS/queue.o
                0x0000000008001ee4                vQueueWaitForMessageRestricted
 .text.xTaskGenericCreate
                0x0000000008001f3c      0x1b0 build/FreeRTOS/tasks.o
                0x0000000008001f3c                xTaskGenericCreate
 .text.vTaskDelete
                0x00000000080020ec       0xc4 build/FreeRTOS/tasks.o
                0x00000000080020ec                vTaskDelete
 .text.vTaskDelayUntil
                0x00000000080021b0       0xc8 build/FreeRTOS/tasks.o
                0x00000000080021b0                vTaskDelayUntil
 .text.vTaskDelay
                0x0000000008002278       0x68 build/FreeRTOS/tasks.o
                0x0000000008002278                vTaskDelay
 .text.uxTaskPriorityGet
                0x00000000080022e0       0x38 build/FreeRTOS/tasks.o
                0x00000000080022e0                uxTaskPriorityGet
 .text.vTaskPrioritySet
                0x0000000008002318      0x148 build/FreeRTOS/tasks.o
                0x0000000008002318                vTaskPrioritySet
 .text.vTaskSuspend
                0x0000000008002460       0xd0 build/FreeRTOS/tasks.o
                0x0000000008002460                vTaskSuspend
 .text.prvTaskIsTaskSuspended
                0x0000000008002530       0x68 build/FreeRTOS/tasks.o
 .text.vTaskResume
                0x0000000008002598       0xac build/FreeRTOS/tasks.o
                0x0000000008002598                vTaskResume
 .text.xTaskResumeFromISR
                0x0000000008002644       0xc8 build/FreeRTOS/tasks.o
                0x0000000008002644                xTaskResumeFromISR
 .text.vTaskStartScheduler
                0x000000000800270c       0x78 build/FreeRTOS/tasks.o
                0x000000000800270c                vTaskStartScheduler
 .text.vTaskEndScheduler
                0x0000000008002784       0x1c build/FreeRTOS/tasks.o
                0x0000000008002784                vTaskEndScheduler
 .text.vTaskSuspendAll
                0x00000000080027a0       0x24 build/FreeRTOS/tasks.o
                0x00000000080027a0                vTaskSuspendAll
 .text.xTaskResumeAll
                0x00000000080027c4      0x158 build/FreeRTOS/tasks.o
                0x00000000080027c4                xTaskResumeAll
 .text.xTaskGetTickCount
                0x000000000800291c       0x24 build/FreeRTOS/tasks.o
                0x000000000800291c                xTaskGetTickCount
 .text.xTaskGetTickCountFromISR
                0x0000000008002940       0x2c build/FreeRTOS/tasks.o
                0x0000000008002940                xTaskGetTickCountFromISR
 .text.uxTaskGetNumberOfTasks
                0x000000000800296c       0x18 build/FreeRTOS/tasks.o
                0x000000000800296c                uxTaskGetNumberOfTasks
 .text.uxTaskGetSystemState
                0x0000000008002984      0x104 build/FreeRTOS/tasks.o
                0x0000000008002984                uxTaskGetSystemState
 .text.xTaskIncrementTick
                0x0000000008002a88      0x1d8 build/FreeRTOS/tasks.o
                0x0000000008002a88                xTaskIncrementTick
 .text.vTaskSwitchContext
                0x0000000008002c60       0xd0 build/FreeRTOS/tasks.o
                0x0000000008002c60                vTaskSwitchContext
 .text.vTaskPlaceOnEventList
                0x0000000008002d30       0x7c build/FreeRTOS/tasks.o
                0x0000000008002d30                vTaskPlaceOnEventList
 .text.vTaskPlaceOnUnorderedEventList
                0x0000000008002dac       0xa4 build/FreeRTOS/tasks.o
                0x0000000008002dac                vTaskPlaceOnUnorderedEventList
 .text.vTaskPlaceOnEventListRestricted
                0x0000000008002e50       0x58 build/FreeRTOS/tasks.o
                0x0000000008002e50                vTaskPlaceOnEventListRestricted
 .text.xTaskRemoveFromEventList
                0x0000000008002ea8       0xc8 build/FreeRTOS/tasks.o
                0x0000000008002ea8                xTaskRemoveFromEventList
 .text.xTaskRemoveFromUnorderedEventList
                0x0000000008002f70       0xc0 build/FreeRTOS/tasks.o
                0x0000000008002f70                xTaskRemoveFromUnorderedEventList
 .text.vTaskSetTimeOutState
                0x0000000008003030       0x38 build/FreeRTOS/tasks.o
                0x0000000008003030                vTaskSetTimeOutState
 .text.xTaskCheckForTimeOut
                0x0000000008003068       0xa4 build/FreeRTOS/tasks.o
                0x0000000008003068                xTaskCheckForTimeOut
 .text.vTaskMissedYield
                0x000000000800310c       0x18 build/FreeRTOS/tasks.o
                0x000000000800310c                vTaskMissedYield
 .text.uxTaskGetTaskNumber
                0x0000000008003124       0x2c build/FreeRTOS/tasks.o
                0x0000000008003124                uxTaskGetTaskNumber
 .text.vTaskSetTaskNumber
                0x0000000008003150       0x24 build/FreeRTOS/tasks.o
                0x0000000008003150                vTaskSetTaskNumber
 .text.prvIdleTask
                0x0000000008003174       0x20 build/FreeRTOS/tasks.o
 .text.prvInitialiseTCBVariables
                0x0000000008003194       0x90 build/FreeRTOS/tasks.o
 .text.prvInitialiseTaskLists
                0x0000000008003224       0x98 build/FreeRTOS/tasks.o
 .text.prvCheckTasksWaitingTermination
                0x00000000080032bc       0x94 build/FreeRTOS/tasks.o
 .text.prvAddCurrentTaskToDelayedList
                0x0000000008003350       0x88 build/FreeRTOS/tasks.o
 .text.prvAllocateTCBAndStack
                0x00000000080033d8       0x64 build/FreeRTOS/tasks.o
 .text.prvListTaskWithinSingleList
                0x000000000800343c      0x118 build/FreeRTOS/tasks.o
 .text.prvTaskCheckFreeStackSpace
                0x0000000008003554       0x38 build/FreeRTOS/tasks.o
 .text.prvDeleteTCB
                0x000000000800358c       0x20 build/FreeRTOS/tasks.o
 .text.prvResetNextTaskUnblockTime
                0x00000000080035ac       0x58 build/FreeRTOS/tasks.o
 .text.xTaskGetCurrentTaskHandle
                0x0000000008003604       0x20 build/FreeRTOS/tasks.o
                0x0000000008003604                xTaskGetCurrentTaskHandle
 .text.xTaskGetSchedulerState
                0x0000000008003624       0x40 build/FreeRTOS/tasks.o
                0x0000000008003624                xTaskGetSchedulerState
 .text.vTaskPriorityInherit
                0x0000000008003664       0xe0 build/FreeRTOS/tasks.o
                0x0000000008003664                vTaskPriorityInherit
 .text.vTaskPriorityDisinherit
                0x0000000008003744       0x8c build/FreeRTOS/tasks.o
                0x0000000008003744                vTaskPriorityDisinherit
 .text.uxTaskResetEventItemValue
                0x00000000080037d0       0x40 build/FreeRTOS/tasks.o
                0x00000000080037d0                uxTaskResetEventItemValue
 .text.xTimerCreateTimerTask
                0x0000000008003810       0x60 build/FreeRTOS/timers.o
                0x0000000008003810                xTimerCreateTimerTask
 .text.xTimerCreate
                0x0000000008003870       0x6c build/FreeRTOS/timers.o
                0x0000000008003870                xTimerCreate
 .text.xTimerGenericCommand
                0x00000000080038dc       0xa0 build/FreeRTOS/timers.o
                0x00000000080038dc                xTimerGenericCommand
 .text.prvProcessExpiredTimer
                0x000000000800397c       0x74 build/FreeRTOS/timers.o
 .text.prvTimerTask
                0x00000000080039f0       0x24 build/FreeRTOS/timers.o
 .text.prvProcessTimerOrBlockTask
                0x0000000008003a14       0x70 build/FreeRTOS/timers.o
 .text.prvGetNextExpireTime
                0x0000000008003a84       0x50 build/FreeRTOS/timers.o
 .text.prvSampleTimeNow
                0x0000000008003ad4       0x48 build/FreeRTOS/timers.o
 .text.prvInsertTimerInActiveList
                0x0000000008003b1c       0x88 build/FreeRTOS/timers.o
 .text.prvProcessReceivedCommands
                0x0000000008003ba4      0x114 build/FreeRTOS/timers.o
 .text.prvSwitchTimerLists
                0x0000000008003cb8       0xd8 build/FreeRTOS/timers.o
 .text.prvCheckForValidListAndQueue
                0x0000000008003d90       0xa8 build/FreeRTOS/timers.o
 .text.xTimerIsTimerActive
                0x0000000008003e38       0x30 build/FreeRTOS/timers.o
                0x0000000008003e38                xTimerIsTimerActive
 .text.pvTimerGetTimerID
                0x0000000008003e68       0x1c build/FreeRTOS/timers.o
                0x0000000008003e68                pvTimerGetTimerID
 .text.pxPortInitialiseStack
                0x0000000008003e84       0x68 build/FreeRTOS/portable/GCC/ARM_CM4F/port.o
                0x0000000008003e84                pxPortInitialiseStack
 .text.prvTaskExitError
                0x0000000008003eec       0x20 build/FreeRTOS/portable/GCC/ARM_CM4F/port.o
 .text.SVC_Handler
                0x0000000008003f0c       0x20 build/FreeRTOS/portable/GCC/ARM_CM4F/port.o
                0x0000000008003f0c                SVC_Handler
 .text.prvPortStartFirstTask
                0x0000000008003f2c       0x1c build/FreeRTOS/portable/GCC/ARM_CM4F/port.o
 .text.xPortStartScheduler
                0x0000000008003f48      0x118 build/FreeRTOS/portable/GCC/ARM_CM4F/port.o
                0x0000000008003f48                xPortStartScheduler
 .text.vPortEndScheduler
                0x0000000008004060       0x1c build/FreeRTOS/portable/GCC/ARM_CM4F/port.o
                0x0000000008004060                vPortEndScheduler
 .text.vPortYield
                0x000000000800407c       0x24 build/FreeRTOS/portable/GCC/ARM_CM4F/port.o
                0x000000000800407c                vPortYield
 .text.vPortEnterCritical
                0x00000000080040a0       0x28 build/FreeRTOS/portable/GCC/ARM_CM4F/port.o
                0x00000000080040a0                vPortEnterCritical
 .text.vPortExitCritical
                0x00000000080040c8       0x44 build/FreeRTOS/portable/GCC/ARM_CM4F/port.o
                0x00000000080040c8                vPortExitCritical
 .text.ulPortSetInterruptMask
                0x000000000800410c       0x14 build/FreeRTOS/portable/GCC/ARM_CM4F/port.o
                0x000000000800410c                ulPortSetInterruptMask
 .text.vPortClearInterruptMask
                0x0000000008004120        0x8 build/FreeRTOS/portable/GCC/ARM_CM4F/port.o
                0x0000000008004120                vPortClearInterruptMask
 .text.PendSV_Handler
                0x0000000008004128       0x58 build/FreeRTOS/portable/GCC/ARM_CM4F/port.o
                0x0000000008004128                PendSV_Handler
 .text.SysTick_Handler
                0x0000000008004180       0x28 build/FreeRTOS/portable/GCC/ARM_CM4F/port.o
                0x0000000008004180                SysTick_Handler
 .text.vPortSetupTimerInterrupt
                0x00000000080041a8       0x3c build/FreeRTOS/portable/GCC/ARM_CM4F/port.o
                0x00000000080041a8                vPortSetupTimerInterrupt
 .text.vPortEnableVFP
                0x00000000080041e4       0x14 build/FreeRTOS/portable/GCC/ARM_CM4F/port.o
 .text.vPortValidateInterruptPriority
                0x00000000080041f8       0x60 build/FreeRTOS/portable/GCC/ARM_CM4F/port.o
                0x00000000080041f8                vPortValidateInterruptPriority
 .text.pvPortMalloc
                0x0000000008004258       0xbc build/FreeRTOS/portable/MemMang/heap_1.o
                0x0000000008004258                pvPortMalloc
 .text.vPortFree
                0x0000000008004314       0x1c build/FreeRTOS/portable/MemMang/heap_1.o
                0x0000000008004314                vPortFree
 .text.vPortInitialiseBlocks
                0x0000000008004330       0x18 build/FreeRTOS/portable/MemMang/heap_1.o
                0x0000000008004330                vPortInitialiseBlocks
 .text.xPortGetFreeHeapSize
                0x0000000008004348       0x20 build/FreeRTOS/portable/MemMang/heap_1.o
                0x0000000008004348                xPortGetFreeHeapSize
 .text.NVIC_PriorityGroupConfig
                0x0000000008004368       0x28 build/CORTEX_M4F_STM32F4/Libraries/STM32F4xx_StdPeriph_Driver/src/misc.o
                0x0000000008004368                NVIC_PriorityGroupConfig
 .text.NVIC_Init
                0x0000000008004390       0xcc build/CORTEX_M4F_STM32F4/Libraries/STM32F4xx_StdPeriph_Driver/src/misc.o
                0x0000000008004390                NVIC_Init
 .text.NVIC_SetVectorTable
                0x000000000800445c       0x2c build/CORTEX_M4F_STM32F4/Libraries/STM32F4xx_StdPeriph_Driver/src/misc.o
                0x000000000800445c                NVIC_SetVectorTable
 .text.NVIC_SystemLPConfig
                0x0000000008004488       0x54 build/CORTEX_M4F_STM32F4/Libraries/STM32F4xx_StdPeriph_Driver/src/misc.o
                0x0000000008004488                NVIC_SystemLPConfig
 .text.SysTick_CLKSourceConfig
                0x00000000080044dc       0x4c build/CORTEX_M4F_STM32F4/Libraries/STM32F4xx_StdPeriph_Driver/src/misc.o
                0x00000000080044dc                SysTick_CLKSourceConfig
 .text.GPIO_DeInit
                0x0000000008004528      0x178 build/CORTEX_M4F_STM32F4/Libraries/STM32F4xx_StdPeriph_Driver/src/stm32f4xx_gpio.o
                0x0000000008004528                GPIO_DeInit
 .text.GPIO_Init
                0x00000000080046a0      0x11c build/CORTEX_M4F_STM32F4/Libraries/STM32F4xx_StdPeriph_Driver/src/stm32f4xx_gpio.o
                0x00000000080046a0                GPIO_Init
 .text.GPIO_StructInit
                0x00000000080047bc       0x34 build/CORTEX_M4F_STM32F4/Libraries/STM32F4xx_StdPeriph_Driver/src/stm32f4xx_gpio.o
                0x00000000080047bc                GPIO_StructInit
 .text.GPIO_PinLockConfig
                0x00000000080047f0       0x44 build/CORTEX_M4F_STM32F4/Libraries/STM32F4xx_StdPeriph_Driver/src/stm32f4xx_gpio.o
                0x00000000080047f0                GPIO_PinLockConfig
 .text.GPIO_ReadInputDataBit
                0x0000000008004834       0x34 build/CORTEX_M4F_STM32F4/Libraries/STM32F4xx_StdPeriph_Driver/src/stm32f4xx_gpio.o
                0x0000000008004834                GPIO_ReadInputDataBit
 .text.GPIO_ReadInputData
                0x0000000008004868       0x1c build/CORTEX_M4F_STM32F4/Libraries/STM32F4xx_StdPeriph_Driver/src/stm32f4xx_gpio.o
                0x0000000008004868                GPIO_ReadInputData
 .text.GPIO_ReadOutputDataBit
                0x0000000008004884       0x34 build/CORTEX_M4F_STM32F4/Libraries/STM32F4xx_StdPeriph_Driver/src/stm32f4xx_gpio.o
                0x0000000008004884                GPIO_ReadOutputDataBit
 .text.GPIO_ReadOutputData
                0x00000000080048b8       0x1c build/CORTEX_M4F_STM32F4/Libraries/STM32F4xx_StdPeriph_Driver/src/stm32f4xx_gpio.o
                0x00000000080048b8                GPIO_ReadOutputData
 .text.GPIO_SetBits
                0x00000000080048d4       0x1c build/CORTEX_M4F_STM32F4/Libraries/STM32F4xx_StdPeriph_Driver/src/stm32f4xx_gpio.o
                0x00000000080048d4                GPIO_SetBits
 .text.GPIO_ResetBits
                0x00000000080048f0       0x1c build/CORTEX_M4F_STM32F4/Libraries/STM32F4xx_StdPeriph_Driver/src/stm32f4xx_gpio.o
                0x00000000080048f0                GPIO_ResetBits
 .text.GPIO_WriteBit
                0x000000000800490c       0x30 build/CORTEX_M4F_STM32F4/Libraries/STM32F4xx_StdPeriph_Driver/src/stm32f4xx_gpio.o
                0x000000000800490c                GPIO_WriteBit
 .text.GPIO_Write
                0x000000000800493c       0x1c build/CORTEX_M4F_STM32F4/Libraries/STM32F4xx_StdPeriph_Driver/src/stm32f4xx_gpio.o
                0x000000000800493c                GPIO_Write
 .text.GPIO_ToggleBits
                0x0000000008004958       0x24 build/CORTEX_M4F_STM32F4/Libraries/STM32F4xx_StdPeriph_Driver/src/stm32f4xx_gpio.o
                0x0000000008004958                GPIO_ToggleBits
 .text.GPIO_PinAFConfig
                0x000000000800497c       0x8c build/CORTEX_M4F_STM32F4/Libraries/STM32F4xx_StdPeriph_Driver/src/stm32f4xx_gpio.o
                0x000000000800497c                GPIO_PinAFConfig
 .text.RCC_DeInit
                0x0000000008004a08       0xb8 build/CORTEX_M4F_STM32F4/Libraries/STM32F4xx_StdPeriph_Driver/src/stm32f4xx_rcc.o
                0x0000000008004a08                RCC_DeInit
 .text.RCC_HSEConfig
                0x0000000008004ac0       0x2c build/CORTEX_M4F_STM32F4/Libraries/STM32F4xx_StdPeriph_Driver/src/stm32f4xx_rcc.o
                0x0000000008004ac0                RCC_HSEConfig
 .text.RCC_WaitForHSEStartUp
                0x0000000008004aec       0x50 build/CORTEX_M4F_STM32F4/Libraries/STM32F4xx_StdPeriph_Driver/src/stm32f4xx_rcc.o
                0x0000000008004aec                RCC_WaitForHSEStartUp
 .text.RCC_AdjustHSICalibrationValue
                0x0000000008004b3c       0x44 build/CORTEX_M4F_STM32F4/Libraries/STM32F4xx_StdPeriph_Driver/src/stm32f4xx_rcc.o
                0x0000000008004b3c                RCC_AdjustHSICalibrationValue
 .text.RCC_HSICmd
                0x0000000008004b80       0x20 build/CORTEX_M4F_STM32F4/Libraries/STM32F4xx_StdPeriph_Driver/src/stm32f4xx_rcc.o
                0x0000000008004b80                RCC_HSICmd
 .text.RCC_LSEConfig
                0x0000000008004ba0       0x54 build/CORTEX_M4F_STM32F4/Libraries/STM32F4xx_StdPeriph_Driver/src/stm32f4xx_rcc.o
                0x0000000008004ba0                RCC_LSEConfig
 .text.RCC_LSICmd
                0x0000000008004bf4       0x20 build/CORTEX_M4F_STM32F4/Libraries/STM32F4xx_StdPeriph_Driver/src/stm32f4xx_rcc.o
                0x0000000008004bf4                RCC_LSICmd
 .text.RCC_PLLConfig
                0x0000000008004c14       0x40 build/CORTEX_M4F_STM32F4/Libraries/STM32F4xx_StdPeriph_Driver/src/stm32f4xx_rcc.o
                0x0000000008004c14                RCC_PLLConfig
 .text.RCC_PLLCmd
                0x0000000008004c54       0x20 build/CORTEX_M4F_STM32F4/Libraries/STM32F4xx_StdPeriph_Driver/src/stm32f4xx_rcc.o
                0x0000000008004c54                RCC_PLLCmd
 .text.RCC_PLLI2SConfig
                0x0000000008004c74       0x34 build/CORTEX_M4F_STM32F4/Libraries/STM32F4xx_StdPeriph_Driver/src/stm32f4xx_rcc.o
                0x0000000008004c74                RCC_PLLI2SConfig
 .text.RCC_PLLI2SCmd
                0x0000000008004ca8       0x20 build/CORTEX_M4F_STM32F4/Libraries/STM32F4xx_StdPeriph_Driver/src/stm32f4xx_rcc.o
                0x0000000008004ca8                RCC_PLLI2SCmd
 .text.RCC_PLLSAIConfig
                0x0000000008004cc8       0x34 build/CORTEX_M4F_STM32F4/Libraries/STM32F4xx_StdPeriph_Driver/src/stm32f4xx_rcc.o
                0x0000000008004cc8                RCC_PLLSAIConfig
 .text.RCC_PLLSAICmd
                0x0000000008004cfc       0x20 build/CORTEX_M4F_STM32F4/Libraries/STM32F4xx_StdPeriph_Driver/src/stm32f4xx_rcc.o
                0x0000000008004cfc                RCC_PLLSAICmd
 .text.RCC_ClockSecuritySystemCmd
                0x0000000008004d1c       0x20 build/CORTEX_M4F_STM32F4/Libraries/STM32F4xx_StdPeriph_Driver/src/stm32f4xx_rcc.o
                0x0000000008004d1c                RCC_ClockSecuritySystemCmd
 .text.RCC_MCO1Config
                0x0000000008004d3c       0x44 build/CORTEX_M4F_STM32F4/Libraries/STM32F4xx_StdPeriph_Driver/src/stm32f4xx_rcc.o
                0x0000000008004d3c                RCC_MCO1Config
 .text.RCC_MCO2Config
                0x0000000008004d80       0x44 build/CORTEX_M4F_STM32F4/Libraries/STM32F4xx_StdPeriph_Driver/src/stm32f4xx_rcc.o
                0x0000000008004d80                RCC_MCO2Config
 .text.RCC_SYSCLKConfig
                0x0000000008004dc4       0x40 build/CORTEX_M4F_STM32F4/Libraries/STM32F4xx_StdPeriph_Driver/src/stm32f4xx_rcc.o
                0x0000000008004dc4                RCC_SYSCLKConfig
 .text.RCC_GetSYSCLKSource
                0x0000000008004e04       0x20 build/CORTEX_M4F_STM32F4/Libraries/STM32F4xx_StdPeriph_Driver/src/stm32f4xx_rcc.o
                0x0000000008004e04                RCC_GetSYSCLKSource
 .text.RCC_HCLKConfig
                0x0000000008004e24       0x40 build/CORTEX_M4F_STM32F4/Libraries/STM32F4xx_StdPeriph_Driver/src/stm32f4xx_rcc.o
                0x0000000008004e24                RCC_HCLKConfig
 .text.RCC_PCLK1Config
                0x0000000008004e64       0x40 build/CORTEX_M4F_STM32F4/Libraries/STM32F4xx_StdPeriph_Driver/src/stm32f4xx_rcc.o
                0x0000000008004e64                RCC_PCLK1Config
 .text.RCC_PCLK2Config
                0x0000000008004ea4       0x40 build/CORTEX_M4F_STM32F4/Libraries/STM32F4xx_StdPeriph_Driver/src/stm32f4xx_rcc.o
                0x0000000008004ea4                RCC_PCLK2Config
 .text.RCC_GetClocksFreq
                0x0000000008004ee4      0x1a8 build/CORTEX_M4F_STM32F4/Libraries/STM32F4xx_StdPeriph_Driver/src/stm32f4xx_rcc.o
                0x0000000008004ee4                RCC_GetClocksFreq
 .text.RCC_RTCCLKConfig
                0x000000000800508c       0x70 build/CORTEX_M4F_STM32F4/Libraries/STM32F4xx_StdPeriph_Driver/src/stm32f4xx_rcc.o
                0x000000000800508c                RCC_RTCCLKConfig
 .text.RCC_RTCCLKCmd
                0x00000000080050fc       0x20 build/CORTEX_M4F_STM32F4/Libraries/STM32F4xx_StdPeriph_Driver/src/stm32f4xx_rcc.o
                0x00000000080050fc                RCC_RTCCLKCmd
 .text.RCC_BackupResetCmd
                0x000000000800511c       0x20 build/CORTEX_M4F_STM32F4/Libraries/STM32F4xx_StdPeriph_Driver/src/stm32f4xx_rcc.o
                0x000000000800511c                RCC_BackupResetCmd
 .text.RCC_I2SCLKConfig
                0x000000000800513c       0x20 build/CORTEX_M4F_STM32F4/Libraries/STM32F4xx_StdPeriph_Driver/src/stm32f4xx_rcc.o
                0x000000000800513c                RCC_I2SCLKConfig
 .text.RCC_SAIPLLI2SClkDivConfig
                0x000000000800515c       0x44 build/CORTEX_M4F_STM32F4/Libraries/STM32F4xx_StdPeriph_Driver/src/stm32f4xx_rcc.o
                0x000000000800515c                RCC_SAIPLLI2SClkDivConfig
 .text.RCC_SAIPLLSAIClkDivConfig
                0x00000000080051a0       0x48 build/CORTEX_M4F_STM32F4/Libraries/STM32F4xx_StdPeriph_Driver/src/stm32f4xx_rcc.o
                0x00000000080051a0                RCC_SAIPLLSAIClkDivConfig
 .text.RCC_SAIBlockACLKConfig
                0x00000000080051e8       0x44 build/CORTEX_M4F_STM32F4/Libraries/STM32F4xx_StdPeriph_Driver/src/stm32f4xx_rcc.o
                0x00000000080051e8                RCC_SAIBlockACLKConfig
 .text.RCC_SAIBlockBCLKConfig
                0x000000000800522c       0x44 build/CORTEX_M4F_STM32F4/Libraries/STM32F4xx_StdPeriph_Driver/src/stm32f4xx_rcc.o
                0x000000000800522c                RCC_SAIBlockBCLKConfig
 .text.RCC_LTDCCLKDivConfig
                0x0000000008005270       0x44 build/CORTEX_M4F_STM32F4/Libraries/STM32F4xx_StdPeriph_Driver/src/stm32f4xx_rcc.o
                0x0000000008005270                RCC_LTDCCLKDivConfig
 .text.RCC_TIMCLKPresConfig
                0x00000000080052b4       0x20 build/CORTEX_M4F_STM32F4/Libraries/STM32F4xx_StdPeriph_Driver/src/stm32f4xx_rcc.o
                0x00000000080052b4                RCC_TIMCLKPresConfig
 .text.RCC_AHB1PeriphClockCmd
                0x00000000080052d4       0x50 build/CORTEX_M4F_STM32F4/Libraries/STM32F4xx_StdPeriph_Driver/src/stm32f4xx_rcc.o
                0x00000000080052d4                RCC_AHB1PeriphClockCmd
 .text.RCC_AHB2PeriphClockCmd
                0x0000000008005324       0x50 build/CORTEX_M4F_STM32F4/Libraries/STM32F4xx_StdPeriph_Driver/src/stm32f4xx_rcc.o
                0x0000000008005324                RCC_AHB2PeriphClockCmd
 .text.RCC_AHB3PeriphClockCmd
                0x0000000008005374       0x50 build/CORTEX_M4F_STM32F4/Libraries/STM32F4xx_StdPeriph_Driver/src/stm32f4xx_rcc.o
                0x0000000008005374                RCC_AHB3PeriphClockCmd
 .text.RCC_APB1PeriphClockCmd
                0x00000000080053c4       0x50 build/CORTEX_M4F_STM32F4/Libraries/STM32F4xx_StdPeriph_Driver/src/stm32f4xx_rcc.o
                0x00000000080053c4                RCC_APB1PeriphClockCmd
 .text.RCC_APB2PeriphClockCmd
                0x0000000008005414       0x50 build/CORTEX_M4F_STM32F4/Libraries/STM32F4xx_StdPeriph_Driver/src/stm32f4xx_rcc.o
                0x0000000008005414                RCC_APB2PeriphClockCmd
 .text.RCC_AHB1PeriphResetCmd
                0x0000000008005464       0x50 build/CORTEX_M4F_STM32F4/Libraries/STM32F4xx_StdPeriph_Driver/src/stm32f4xx_rcc.o
                0x0000000008005464                RCC_AHB1PeriphResetCmd
 .text.RCC_AHB2PeriphResetCmd
                0x00000000080054b4       0x50 build/CORTEX_M4F_STM32F4/Libraries/STM32F4xx_StdPeriph_Driver/src/stm32f4xx_rcc.o
                0x00000000080054b4                RCC_AHB2PeriphResetCmd
 .text.RCC_AHB3PeriphResetCmd
                0x0000000008005504       0x50 build/CORTEX_M4F_STM32F4/Libraries/STM32F4xx_StdPeriph_Driver/src/stm32f4xx_rcc.o
                0x0000000008005504                RCC_AHB3PeriphResetCmd
 .text.RCC_APB1PeriphResetCmd
                0x0000000008005554       0x50 build/CORTEX_M4F_STM32F4/Libraries/STM32F4xx_StdPeriph_Driver/src/stm32f4xx_rcc.o
                0x0000000008005554                RCC_APB1PeriphResetCmd
 .text.RCC_APB2PeriphResetCmd
                0x00000000080055a4       0x50 build/CORTEX_M4F_STM32F4/Libraries/STM32F4xx_StdPeriph_Driver/src/stm32f4xx_rcc.o
                0x00000000080055a4                RCC_APB2PeriphResetCmd
 .text.RCC_AHB1PeriphClockLPModeCmd
                0x00000000080055f4       0x50 build/CORTEX_M4F_STM32F4/Libraries/STM32F4xx_StdPeriph_Driver/src/stm32f4xx_rcc.o
                0x00000000080055f4                RCC_AHB1PeriphClockLPModeCmd
 .text.RCC_AHB2PeriphClockLPModeCmd
                0x0000000008005644       0x50 build/CORTEX_M4F_STM32F4/Libraries/STM32F4xx_StdPeriph_Driver/src/stm32f4xx_rcc.o
                0x0000000008005644                RCC_AHB2PeriphClockLPModeCmd
 .text.RCC_AHB3PeriphClockLPModeCmd
                0x0000000008005694       0x50 build/CORTEX_M4F_STM32F4/Libraries/STM32F4xx_StdPeriph_Driver/src/stm32f4xx_rcc.o
                0x0000000008005694                RCC_AHB3PeriphClockLPModeCmd
 .text.RCC_APB1PeriphClockLPModeCmd
                0x00000000080056e4       0x50 build/CORTEX_M4F_STM32F4/Libraries/STM32F4xx_StdPeriph_Driver/src/stm32f4xx_rcc.o
                0x00000000080056e4                RCC_APB1PeriphClockLPModeCmd
 .text.RCC_APB2PeriphClockLPModeCmd
                0x0000000008005734       0x50 build/CORTEX_M4F_STM32F4/Libraries/STM32F4xx_StdPeriph_Driver/src/stm32f4xx_rcc.o
                0x0000000008005734                RCC_APB2PeriphClockLPModeCmd
 .text.RCC_ITConfig
                0x0000000008005784       0x5c build/CORTEX_M4F_STM32F4/Libraries/STM32F4xx_StdPeriph_Driver/src/stm32f4xx_rcc.o
                0x0000000008005784                RCC_ITConfig
 .text.RCC_GetFlagStatus
                0x00000000080057e0       0x84 build/CORTEX_M4F_STM32F4/Libraries/STM32F4xx_StdPeriph_Driver/src/stm32f4xx_rcc.o
                0x00000000080057e0                RCC_GetFlagStatus
 .text.RCC_ClearFlag
                0x0000000008005864       0x24 build/CORTEX_M4F_STM32F4/Libraries/STM32F4xx_StdPeriph_Driver/src/stm32f4xx_rcc.o
                0x0000000008005864                RCC_ClearFlag
 .text.RCC_GetITStatus
                0x0000000008005888       0x38 build/CORTEX_M4F_STM32F4/Libraries/STM32F4xx_StdPeriph_Driver/src/stm32f4xx_rcc.o
                0x0000000008005888                RCC_GetITStatus
 .text.RCC_ClearITPendingBit
                0x00000000080058c0       0x20 build/CORTEX_M4F_STM32F4/Libraries/STM32F4xx_StdPeriph_Driver/src/stm32f4xx_rcc.o
                0x00000000080058c0                RCC_ClearITPendingBit
 .text.USART_DeInit
                0x00000000080058e0      0x124 build/CORTEX_M4F_STM32F4/Libraries/STM32F4xx_StdPeriph_Driver/src/stm32f4xx_usart.o
                0x00000000080058e0                USART_DeInit
 .text.USART_Init
                0x0000000008005a04      0x188 build/CORTEX_M4F_STM32F4/Libraries/STM32F4xx_StdPeriph_Driver/src/stm32f4xx_usart.o
                0x0000000008005a04                USART_Init
 .text.USART_StructInit
                0x0000000008005b8c       0x38 build/CORTEX_M4F_STM32F4/Libraries/STM32F4xx_StdPeriph_Driver/src/stm32f4xx_usart.o
                0x0000000008005b8c                USART_StructInit
 .text.USART_ClockInit
                0x0000000008005bc4       0x54 build/CORTEX_M4F_STM32F4/Libraries/STM32F4xx_StdPeriph_Driver/src/stm32f4xx_usart.o
                0x0000000008005bc4                USART_ClockInit
 .text.USART_ClockStructInit
                0x0000000008005c18       0x2c build/CORTEX_M4F_STM32F4/Libraries/STM32F4xx_StdPeriph_Driver/src/stm32f4xx_usart.o
                0x0000000008005c18                USART_ClockStructInit
 .text.USART_Cmd
                0x0000000008005c44       0x40 build/CORTEX_M4F_STM32F4/Libraries/STM32F4xx_StdPeriph_Driver/src/stm32f4xx_usart.o
                0x0000000008005c44                USART_Cmd
 .text.USART_SetPrescaler
                0x0000000008005c84       0x38 build/CORTEX_M4F_STM32F4/Libraries/STM32F4xx_StdPeriph_Driver/src/stm32f4xx_usart.o
                0x0000000008005c84                USART_SetPrescaler
 .text.USART_OverSampling8Cmd
                0x0000000008005cbc       0x44 build/CORTEX_M4F_STM32F4/Libraries/STM32F4xx_StdPeriph_Driver/src/stm32f4xx_usart.o
                0x0000000008005cbc                USART_OverSampling8Cmd
 .text.USART_OneBitMethodCmd
                0x0000000008005d00       0x40 build/CORTEX_M4F_STM32F4/Libraries/STM32F4xx_StdPeriph_Driver/src/stm32f4xx_usart.o
                0x0000000008005d00                USART_OneBitMethodCmd
 .text.USART_SendData
                0x0000000008005d40       0x24 build/CORTEX_M4F_STM32F4/Libraries/STM32F4xx_StdPeriph_Driver/src/stm32f4xx_usart.o
                0x0000000008005d40                USART_SendData
 .text.USART_ReceiveData
                0x0000000008005d64       0x20 build/CORTEX_M4F_STM32F4/Libraries/STM32F4xx_StdPeriph_Driver/src/stm32f4xx_usart.o
                0x0000000008005d64                USART_ReceiveData
 .text.USART_SetAddress
                0x0000000008005d84       0x38 build/CORTEX_M4F_STM32F4/Libraries/STM32F4xx_StdPeriph_Driver/src/stm32f4xx_usart.o
                0x0000000008005d84                USART_SetAddress
 .text.USART_ReceiverWakeUpCmd
                0x0000000008005dbc       0x40 build/CORTEX_M4F_STM32F4/Libraries/STM32F4xx_StdPeriph_Driver/src/stm32f4xx_usart.o
                0x0000000008005dbc                USART_ReceiverWakeUpCmd
 .text.USART_WakeUpConfig
                0x0000000008005dfc       0x38 build/CORTEX_M4F_STM32F4/Libraries/STM32F4xx_StdPeriph_Driver/src/stm32f4xx_usart.o
                0x0000000008005dfc                USART_WakeUpConfig
 .text.USART_LINBreakDetectLengthConfig
                0x0000000008005e34       0x38 build/CORTEX_M4F_STM32F4/Libraries/STM32F4xx_StdPeriph_Driver/src/stm32f4xx_usart.o
                0x0000000008005e34                USART_LINBreakDetectLengthConfig
 .text.USART_LINCmd
                0x0000000008005e6c       0x40 build/CORTEX_M4F_STM32F4/Libraries/STM32F4xx_StdPeriph_Driver/src/stm32f4xx_usart.o
                0x0000000008005e6c                USART_LINCmd
 .text.USART_SendBreak
                0x0000000008005eac       0x24 build/CORTEX_M4F_STM32F4/Libraries/STM32F4xx_StdPeriph_Driver/src/stm32f4xx_usart.o
                0x0000000008005eac                USART_SendBreak
 .text.USART_HalfDuplexCmd
                0x0000000008005ed0       0x40 build/CORTEX_M4F_STM32F4/Libraries/STM32F4xx_StdPeriph_Driver/src/stm32f4xx_usart.o
                0x0000000008005ed0                USART_HalfDuplexCmd
 .text.USART_SetGuardTime
                0x0000000008005f10       0x3c build/CORTEX_M4F_STM32F4/Libraries/STM32F4xx_StdPeriph_Driver/src/stm32f4xx_usart.o
                0x0000000008005f10                USART_SetGuardTime
 .text.USART_SmartCardCmd
                0x0000000008005f4c       0x40 build/CORTEX_M4F_STM32F4/Libraries/STM32F4xx_StdPeriph_Driver/src/stm32f4xx_usart.o
                0x0000000008005f4c                USART_SmartCardCmd
 .text.USART_SmartCardNACKCmd
                0x0000000008005f8c       0x40 build/CORTEX_M4F_STM32F4/Libraries/STM32F4xx_StdPeriph_Driver/src/stm32f4xx_usart.o
                0x0000000008005f8c                USART_SmartCardNACKCmd
 .text.USART_IrDAConfig
                0x0000000008005fcc       0x38 build/CORTEX_M4F_STM32F4/Libraries/STM32F4xx_StdPeriph_Driver/src/stm32f4xx_usart.o
                0x0000000008005fcc                USART_IrDAConfig
 .text.USART_IrDACmd
                0x0000000008006004       0x40 build/CORTEX_M4F_STM32F4/Libraries/STM32F4xx_StdPeriph_Driver/src/stm32f4xx_usart.o
                0x0000000008006004                USART_IrDACmd
 .text.USART_DMACmd
                0x0000000008006044       0x48 build/CORTEX_M4F_STM32F4/Libraries/STM32F4xx_StdPeriph_Driver/src/stm32f4xx_usart.o
                0x0000000008006044                USART_DMACmd
 .text.USART_ITConfig
                0x000000000800608c       0x90 build/CORTEX_M4F_STM32F4/Libraries/STM32F4xx_StdPeriph_Driver/src/stm32f4xx_usart.o
                0x000000000800608c                USART_ITConfig
 .text.USART_GetFlagStatus
                0x000000000800611c       0x38 build/CORTEX_M4F_STM32F4/Libraries/STM32F4xx_StdPeriph_Driver/src/stm32f4xx_usart.o
                0x000000000800611c                USART_GetFlagStatus
 .text.USART_ClearFlag
                0x0000000008006154       0x20 build/CORTEX_M4F_STM32F4/Libraries/STM32F4xx_StdPeriph_Driver/src/stm32f4xx_usart.o
                0x0000000008006154                USART_ClearFlag
 .text.USART_GetITStatus
                0x0000000008006174       0xb0 build/CORTEX_M4F_STM32F4/Libraries/STM32F4xx_StdPeriph_Driver/src/stm32f4xx_usart.o
                0x0000000008006174                USART_GetITStatus
 .text.USART_ClearITPendingBit
                0x0000000008006224       0x38 build/CORTEX_M4F_STM32F4/Libraries/STM32F4xx_StdPeriph_Driver/src/stm32f4xx_usart.o
                0x0000000008006224                USART_ClearITPendingBit
 .text.SYSCFG_DeInit
                0x000000000800625c       0x1c build/CORTEX_M4F_STM32F4/Libraries/STM32F4xx_StdPeriph_Driver/src/stm32f4xx_syscfg.o
                0x000000000800625c                SYSCFG_DeInit
 .text.SYSCFG_MemoryRemapConfig
                0x0000000008006278       0x20 build/CORTEX_M4F_STM32F4/Libraries/STM32F4xx_StdPeriph_Driver/src/stm32f4xx_syscfg.o
                0x0000000008006278                SYSCFG_MemoryRemapConfig
 .text.SYSCFG_MemorySwappingBank
                0x0000000008006298       0x20 build/CORTEX_M4F_STM32F4/Libraries/STM32F4xx_StdPeriph_Driver/src/stm32f4xx_syscfg.o
                0x0000000008006298                SYSCFG_MemorySwappingBank
 .text.SYSCFG_EXTILineConfig
                0x00000000080062b8       0x94 build/CORTEX_M4F_STM32F4/Libraries/STM32F4xx_StdPeriph_Driver/src/stm32f4xx_syscfg.o
                0x00000000080062b8                SYSCFG_EXTILineConfig
 .text.SYSCFG_ETH_MediaInterfaceConfig
                0x000000000800634c       0x1c build/CORTEX_M4F_STM32F4/Libraries/STM32F4xx_StdPeriph_Driver/src/stm32f4xx_syscfg.o
                0x000000000800634c                SYSCFG_ETH_MediaInterfaceConfig
 .text.SYSCFG_CompensationCellCmd
                0x0000000008006368       0x20 build/CORTEX_M4F_STM32F4/Libraries/STM32F4xx_StdPeriph_Driver/src/stm32f4xx_syscfg.o
                0x0000000008006368                SYSCFG_CompensationCellCmd
 .text.SYSCFG_GetCompensationCellStatus
                0x0000000008006388       0x34 build/CORTEX_M4F_STM32F4/Libraries/STM32F4xx_StdPeriph_Driver/src/stm32f4xx_syscfg.o
                0x0000000008006388                SYSCFG_GetCompensationCellStatus
 .text.I2C_DeInit
                0x00000000080063bc       0x78 build/CORTEX_M4F_STM32F4/Libraries/STM32F4xx_StdPeriph_Driver/src/stm32f4xx_i2c.o
                0x00000000080063bc                I2C_DeInit
 .text.I2C_Init
                0x0000000008006434      0x18c build/CORTEX_M4F_STM32F4/Libraries/STM32F4xx_StdPeriph_Driver/src/stm32f4xx_i2c.o
                0x0000000008006434                I2C_Init
 .text.I2C_StructInit
                0x00000000080065c0       0x3c build/CORTEX_M4F_STM32F4/Libraries/STM32F4xx_StdPeriph_Driver/src/stm32f4xx_i2c.o
                0x00000000080065c0                I2C_StructInit
 .text.I2C_Cmd  0x00000000080065fc       0x40 build/CORTEX_M4F_STM32F4/Libraries/STM32F4xx_StdPeriph_Driver/src/stm32f4xx_i2c.o
                0x00000000080065fc                I2C_Cmd
 .text.I2C_AnalogFilterCmd
                0x000000000800663c       0x40 build/CORTEX_M4F_STM32F4/Libraries/STM32F4xx_StdPeriph_Driver/src/stm32f4xx_i2c.o
                0x000000000800663c                I2C_AnalogFilterCmd
 .text.I2C_DigitalFilterConfig
                0x000000000800667c       0x40 build/CORTEX_M4F_STM32F4/Libraries/STM32F4xx_StdPeriph_Driver/src/stm32f4xx_i2c.o
                0x000000000800667c                I2C_DigitalFilterConfig
 .text.I2C_GenerateSTART
                0x00000000080066bc       0x40 build/CORTEX_M4F_STM32F4/Libraries/STM32F4xx_StdPeriph_Driver/src/stm32f4xx_i2c.o
                0x00000000080066bc                I2C_GenerateSTART
 .text.I2C_GenerateSTOP
                0x00000000080066fc       0x40 build/CORTEX_M4F_STM32F4/Libraries/STM32F4xx_StdPeriph_Driver/src/stm32f4xx_i2c.o
                0x00000000080066fc                I2C_GenerateSTOP
 .text.I2C_Send7bitAddress
                0x000000000800673c       0x3c build/CORTEX_M4F_STM32F4/Libraries/STM32F4xx_StdPeriph_Driver/src/stm32f4xx_i2c.o
                0x000000000800673c                I2C_Send7bitAddress
 .text.I2C_AcknowledgeConfig
                0x0000000008006778       0x40 build/CORTEX_M4F_STM32F4/Libraries/STM32F4xx_StdPeriph_Driver/src/stm32f4xx_i2c.o
                0x0000000008006778                I2C_AcknowledgeConfig
 .text.I2C_OwnAddress2Config
                0x00000000080067b8       0x40 build/CORTEX_M4F_STM32F4/Libraries/STM32F4xx_StdPeriph_Driver/src/stm32f4xx_i2c.o
                0x00000000080067b8                I2C_OwnAddress2Config
 .text.I2C_DualAddressCmd
                0x00000000080067f8       0x40 build/CORTEX_M4F_STM32F4/Libraries/STM32F4xx_StdPeriph_Driver/src/stm32f4xx_i2c.o
                0x00000000080067f8                I2C_DualAddressCmd
 .text.I2C_GeneralCallCmd
                0x0000000008006838       0x40 build/CORTEX_M4F_STM32F4/Libraries/STM32F4xx_StdPeriph_Driver/src/stm32f4xx_i2c.o
                0x0000000008006838                I2C_GeneralCallCmd
 .text.I2C_SoftwareResetCmd
                0x0000000008006878       0x44 build/CORTEX_M4F_STM32F4/Libraries/STM32F4xx_StdPeriph_Driver/src/stm32f4xx_i2c.o
                0x0000000008006878                I2C_SoftwareResetCmd
 .text.I2C_StretchClockCmd
                0x00000000080068bc       0x40 build/CORTEX_M4F_STM32F4/Libraries/STM32F4xx_StdPeriph_Driver/src/stm32f4xx_i2c.o
                0x00000000080068bc                I2C_StretchClockCmd
 .text.I2C_FastModeDutyCycleConfig
                0x00000000080068fc       0x40 build/CORTEX_M4F_STM32F4/Libraries/STM32F4xx_StdPeriph_Driver/src/stm32f4xx_i2c.o
                0x00000000080068fc                I2C_FastModeDutyCycleConfig
 .text.I2C_NACKPositionConfig
                0x000000000800693c       0x40 build/CORTEX_M4F_STM32F4/Libraries/STM32F4xx_StdPeriph_Driver/src/stm32f4xx_i2c.o
                0x000000000800693c                I2C_NACKPositionConfig
 .text.I2C_SMBusAlertConfig
                0x000000000800697c       0x40 build/CORTEX_M4F_STM32F4/Libraries/STM32F4xx_StdPeriph_Driver/src/stm32f4xx_i2c.o
                0x000000000800697c                I2C_SMBusAlertConfig
 .text.I2C_ARPCmd
                0x00000000080069bc       0x40 build/CORTEX_M4F_STM32F4/Libraries/STM32F4xx_StdPeriph_Driver/src/stm32f4xx_i2c.o
                0x00000000080069bc                I2C_ARPCmd
 .text.I2C_SendData
                0x00000000080069fc       0x20 build/CORTEX_M4F_STM32F4/Libraries/STM32F4xx_StdPeriph_Driver/src/stm32f4xx_i2c.o
                0x00000000080069fc                I2C_SendData
 .text.I2C_ReceiveData
                0x0000000008006a1c       0x1c build/CORTEX_M4F_STM32F4/Libraries/STM32F4xx_StdPeriph_Driver/src/stm32f4xx_i2c.o
                0x0000000008006a1c                I2C_ReceiveData
 .text.I2C_TransmitPEC
                0x0000000008006a38       0x40 build/CORTEX_M4F_STM32F4/Libraries/STM32F4xx_StdPeriph_Driver/src/stm32f4xx_i2c.o
                0x0000000008006a38                I2C_TransmitPEC
 .text.I2C_PECPositionConfig
                0x0000000008006a78       0x40 build/CORTEX_M4F_STM32F4/Libraries/STM32F4xx_StdPeriph_Driver/src/stm32f4xx_i2c.o
                0x0000000008006a78                I2C_PECPositionConfig
 .text.I2C_CalculatePEC
                0x0000000008006ab8       0x40 build/CORTEX_M4F_STM32F4/Libraries/STM32F4xx_StdPeriph_Driver/src/stm32f4xx_i2c.o
                0x0000000008006ab8                I2C_CalculatePEC
 .text.I2C_GetPEC
                0x0000000008006af8       0x20 build/CORTEX_M4F_STM32F4/Libraries/STM32F4xx_StdPeriph_Driver/src/stm32f4xx_i2c.o
                0x0000000008006af8                I2C_GetPEC
 .text.I2C_DMACmd
                0x0000000008006b18       0x40 build/CORTEX_M4F_STM32F4/Libraries/STM32F4xx_StdPeriph_Driver/src/stm32f4xx_i2c.o
                0x0000000008006b18                I2C_DMACmd
 .text.I2C_DMALastTransferCmd
                0x0000000008006b58       0x40 build/CORTEX_M4F_STM32F4/Libraries/STM32F4xx_StdPeriph_Driver/src/stm32f4xx_i2c.o
                0x0000000008006b58                I2C_DMALastTransferCmd
 .text.I2C_ReadRegister
                0x0000000008006b98       0x30 build/CORTEX_M4F_STM32F4/Libraries/STM32F4xx_StdPeriph_Driver/src/stm32f4xx_i2c.o
                0x0000000008006b98                I2C_ReadRegister
 .text.I2C_ITConfig
                0x0000000008006bc8       0x48 build/CORTEX_M4F_STM32F4/Libraries/STM32F4xx_StdPeriph_Driver/src/stm32f4xx_i2c.o
                0x0000000008006bc8                I2C_ITConfig
 .text.I2C_CheckEvent
                0x0000000008006c10       0x60 build/CORTEX_M4F_STM32F4/Libraries/STM32F4xx_StdPeriph_Driver/src/stm32f4xx_i2c.o
                0x0000000008006c10                I2C_CheckEvent
 .text.I2C_GetLastEvent
                0x0000000008006c70       0x44 build/CORTEX_M4F_STM32F4/Libraries/STM32F4xx_StdPeriph_Driver/src/stm32f4xx_i2c.o
                0x0000000008006c70                I2C_GetLastEvent
 .text.I2C_GetFlagStatus
                0x0000000008006cb4       0x68 build/CORTEX_M4F_STM32F4/Libraries/STM32F4xx_StdPeriph_Driver/src/stm32f4xx_i2c.o
                0x0000000008006cb4                I2C_GetFlagStatus
 .text.I2C_ClearFlag
                0x0000000008006d1c       0x2c build/CORTEX_M4F_STM32F4/Libraries/STM32F4xx_StdPeriph_Driver/src/stm32f4xx_i2c.o
                0x0000000008006d1c                I2C_ClearFlag
 .text.I2C_GetITStatus
                0x0000000008006d48       0x5c build/CORTEX_M4F_STM32F4/Libraries/STM32F4xx_StdPeriph_Driver/src/stm32f4xx_i2c.o
                0x0000000008006d48                I2C_GetITStatus
 .text.I2C_ClearITPendingBit
                0x0000000008006da4       0x2c build/CORTEX_M4F_STM32F4/Libraries/STM32F4xx_StdPeriph_Driver/src/stm32f4xx_i2c.o
                0x0000000008006da4                I2C_ClearITPendingBit
 .text.DMA_DeInit
                0x0000000008006dd0      0x22c build/CORTEX_M4F_STM32F4/Libraries/STM32F4xx_StdPeriph_Driver/src/stm32f4xx_dma.o
                0x0000000008006dd0                DMA_DeInit
 .text.DMA_Init
                0x0000000008006ffc       0xb0 build/CORTEX_M4F_STM32F4/Libraries/STM32F4xx_StdPeriph_Driver/src/stm32f4xx_dma.o
                0x0000000008006ffc                DMA_Init
 .text.DMA_StructInit
                0x00000000080070ac       0x6c build/CORTEX_M4F_STM32F4/Libraries/STM32F4xx_StdPeriph_Driver/src/stm32f4xx_dma.o
                0x00000000080070ac                DMA_StructInit
 .text.DMA_Cmd  0x0000000008007118       0x38 build/CORTEX_M4F_STM32F4/Libraries/STM32F4xx_StdPeriph_Driver/src/stm32f4xx_dma.o
                0x0000000008007118                DMA_Cmd
 .text.DMA_PeriphIncOffsetSizeConfig
                0x0000000008007150       0x34 build/CORTEX_M4F_STM32F4/Libraries/STM32F4xx_StdPeriph_Driver/src/stm32f4xx_dma.o
                0x0000000008007150                DMA_PeriphIncOffsetSizeConfig
 .text.DMA_FlowControllerConfig
                0x0000000008007184       0x34 build/CORTEX_M4F_STM32F4/Libraries/STM32F4xx_StdPeriph_Driver/src/stm32f4xx_dma.o
                0x0000000008007184                DMA_FlowControllerConfig
 .text.DMA_SetCurrDataCounter
                0x00000000080071b8       0x1c build/CORTEX_M4F_STM32F4/Libraries/STM32F4xx_StdPeriph_Driver/src/stm32f4xx_dma.o
                0x00000000080071b8                DMA_SetCurrDataCounter
 .text.DMA_GetCurrDataCounter
                0x00000000080071d4       0x1c build/CORTEX_M4F_STM32F4/Libraries/STM32F4xx_StdPeriph_Driver/src/stm32f4xx_dma.o
                0x00000000080071d4                DMA_GetCurrDataCounter
 .text.DMA_DoubleBufferModeConfig
                0x00000000080071f0       0x3c build/CORTEX_M4F_STM32F4/Libraries/STM32F4xx_StdPeriph_Driver/src/stm32f4xx_dma.o
                0x00000000080071f0                DMA_DoubleBufferModeConfig
 .text.DMA_DoubleBufferModeCmd
                0x000000000800722c       0x38 build/CORTEX_M4F_STM32F4/Libraries/STM32F4xx_StdPeriph_Driver/src/stm32f4xx_dma.o
                0x000000000800722c                DMA_DoubleBufferModeCmd
 .text.DMA_MemoryTargetConfig
                0x0000000008007264       0x2c build/CORTEX_M4F_STM32F4/Libraries/STM32F4xx_StdPeriph_Driver/src/stm32f4xx_dma.o
                0x0000000008007264                DMA_MemoryTargetConfig
 .text.DMA_GetCurrentMemoryTarget
                0x0000000008007290       0x30 build/CORTEX_M4F_STM32F4/Libraries/STM32F4xx_StdPeriph_Driver/src/stm32f4xx_dma.o
                0x0000000008007290                DMA_GetCurrentMemoryTarget
 .text.DMA_GetCmdStatus
                0x00000000080072c0       0x30 build/CORTEX_M4F_STM32F4/Libraries/STM32F4xx_StdPeriph_Driver/src/stm32f4xx_dma.o
                0x00000000080072c0                DMA_GetCmdStatus
 .text.DMA_GetFIFOStatus
                0x00000000080072f0       0x24 build/CORTEX_M4F_STM32F4/Libraries/STM32F4xx_StdPeriph_Driver/src/stm32f4xx_dma.o
                0x00000000080072f0                DMA_GetFIFOStatus
 .text.DMA_GetFlagStatus
                0x0000000008007314       0x7c build/CORTEX_M4F_STM32F4/Libraries/STM32F4xx_StdPeriph_Driver/src/stm32f4xx_dma.o
                0x0000000008007314                DMA_GetFlagStatus
 .text.DMA_ClearFlag
                0x0000000008007390       0x60 build/CORTEX_M4F_STM32F4/Libraries/STM32F4xx_StdPeriph_Driver/src/stm32f4xx_dma.o
                0x0000000008007390                DMA_ClearFlag
 .text.DMA_ITConfig
                0x00000000080073f0       0x74 build/CORTEX_M4F_STM32F4/Libraries/STM32F4xx_StdPeriph_Driver/src/stm32f4xx_dma.o
                0x00000000080073f0                DMA_ITConfig
 .text.DMA_GetITStatus
                0x0000000008007464       0xb4 build/CORTEX_M4F_STM32F4/Libraries/STM32F4xx_StdPeriph_Driver/src/stm32f4xx_dma.o
                0x0000000008007464                DMA_GetITStatus
 .text.DMA_ClearITPendingBit
                0x0000000008007518       0x60 build/CORTEX_M4F_STM32F4/Libraries/STM32F4xx_StdPeriph_Driver/src/stm32f4xx_dma.o
                0x0000000008007518                DMA_ClearITPendingBit
 .text.SPI_I2S_DeInit
                0x0000000008007578       0xe4 build/CORTEX_M4F_STM32F4/Libraries/STM32F4xx_StdPeriph_Driver/src/stm32f4xx_spi.o
                0x0000000008007578                SPI_I2S_DeInit
 .text.SPI_Init
                0x000000000800765c       0x88 build/CORTEX_M4F_STM32F4/Libraries/STM32F4xx_StdPeriph_Driver/src/stm32f4xx_spi.o
                0x000000000800765c                SPI_Init
 .text.I2S_Init
                0x00000000080076e4      0x1d4 build/CORTEX_M4F_STM32F4/Libraries/STM32F4xx_StdPeriph_Driver/src/stm32f4xx_spi.o
                0x00000000080076e4                I2S_Init
 .text.SPI_StructInit
                0x00000000080078b8       0x48 build/CORTEX_M4F_STM32F4/Libraries/STM32F4xx_StdPeriph_Driver/src/stm32f4xx_spi.o
                0x00000000080078b8                SPI_StructInit
 .text.I2S_StructInit
                0x0000000008007900       0x38 build/CORTEX_M4F_STM32F4/Libraries/STM32F4xx_StdPeriph_Driver/src/stm32f4xx_spi.o
                0x0000000008007900                I2S_StructInit
 .text.SPI_Cmd  0x0000000008007938       0x40 build/CORTEX_M4F_STM32F4/Libraries/STM32F4xx_StdPeriph_Driver/src/stm32f4xx_spi.o
                0x0000000008007938                SPI_Cmd
 .text.I2S_Cmd  0x0000000008007978       0x40 build/CORTEX_M4F_STM32F4/Libraries/STM32F4xx_StdPeriph_Driver/src/stm32f4xx_spi.o
                0x0000000008007978                I2S_Cmd
 .text.SPI_DataSizeConfig
                0x00000000080079b8       0x38 build/CORTEX_M4F_STM32F4/Libraries/STM32F4xx_StdPeriph_Driver/src/stm32f4xx_spi.o
                0x00000000080079b8                SPI_DataSizeConfig
 .text.SPI_BiDirectionalLineConfig
                0x00000000080079f0       0x40 build/CORTEX_M4F_STM32F4/Libraries/STM32F4xx_StdPeriph_Driver/src/stm32f4xx_spi.o
                0x00000000080079f0                SPI_BiDirectionalLineConfig
 .text.SPI_NSSInternalSoftwareConfig
                0x0000000008007a30       0x44 build/CORTEX_M4F_STM32F4/Libraries/STM32F4xx_StdPeriph_Driver/src/stm32f4xx_spi.o
                0x0000000008007a30                SPI_NSSInternalSoftwareConfig
 .text.SPI_SSOutputCmd
                0x0000000008007a74       0x40 build/CORTEX_M4F_STM32F4/Libraries/STM32F4xx_StdPeriph_Driver/src/stm32f4xx_spi.o
                0x0000000008007a74                SPI_SSOutputCmd
 .text.SPI_TIModeCmd
                0x0000000008007ab4       0x40 build/CORTEX_M4F_STM32F4/Libraries/STM32F4xx_StdPeriph_Driver/src/stm32f4xx_spi.o
                0x0000000008007ab4                SPI_TIModeCmd
 .text.I2S_FullDuplexConfig
                0x0000000008007af4       0x9c build/CORTEX_M4F_STM32F4/Libraries/STM32F4xx_StdPeriph_Driver/src/stm32f4xx_spi.o
                0x0000000008007af4                I2S_FullDuplexConfig
 .text.SPI_I2S_ReceiveData
                0x0000000008007b90       0x1c build/CORTEX_M4F_STM32F4/Libraries/STM32F4xx_StdPeriph_Driver/src/stm32f4xx_spi.o
                0x0000000008007b90                SPI_I2S_ReceiveData
 .text.SPI_I2S_SendData
                0x0000000008007bac       0x1c build/CORTEX_M4F_STM32F4/Libraries/STM32F4xx_StdPeriph_Driver/src/stm32f4xx_spi.o
                0x0000000008007bac                SPI_I2S_SendData
 .text.SPI_CalculateCRC
                0x0000000008007bc8       0x40 build/CORTEX_M4F_STM32F4/Libraries/STM32F4xx_StdPeriph_Driver/src/stm32f4xx_spi.o
                0x0000000008007bc8                SPI_CalculateCRC
 .text.SPI_TransmitCRC
                0x0000000008007c08       0x24 build/CORTEX_M4F_STM32F4/Libraries/STM32F4xx_StdPeriph_Driver/src/stm32f4xx_spi.o
                0x0000000008007c08                SPI_TransmitCRC
 .text.SPI_GetCRC
                0x0000000008007c2c       0x34 build/CORTEX_M4F_STM32F4/Libraries/STM32F4xx_StdPeriph_Driver/src/stm32f4xx_spi.o
                0x0000000008007c2c                SPI_GetCRC
 .text.SPI_GetCRCPolynomial
                0x0000000008007c60       0x1c build/CORTEX_M4F_STM32F4/Libraries/STM32F4xx_StdPeriph_Driver/src/stm32f4xx_spi.o
                0x0000000008007c60                SPI_GetCRCPolynomial
 .text.SPI_I2S_DMACmd
                0x0000000008007c7c       0x48 build/CORTEX_M4F_STM32F4/Libraries/STM32F4xx_StdPeriph_Driver/src/stm32f4xx_spi.o
                0x0000000008007c7c                SPI_I2S_DMACmd
 .text.SPI_I2S_ITConfig
                0x0000000008007cc4       0x60 build/CORTEX_M4F_STM32F4/Libraries/STM32F4xx_StdPeriph_Driver/src/stm32f4xx_spi.o
                0x0000000008007cc4                SPI_I2S_ITConfig
 .text.SPI_I2S_GetFlagStatus
                0x0000000008007d24       0x38 build/CORTEX_M4F_STM32F4/Libraries/STM32F4xx_StdPeriph_Driver/src/stm32f4xx_spi.o
                0x0000000008007d24                SPI_I2S_GetFlagStatus
 .text.SPI_I2S_ClearFlag
                0x0000000008007d5c       0x20 build/CORTEX_M4F_STM32F4/Libraries/STM32F4xx_StdPeriph_Driver/src/stm32f4xx_spi.o
                0x0000000008007d5c                SPI_I2S_ClearFlag
 .text.SPI_I2S_GetITStatus
                0x0000000008007d7c       0x78 build/CORTEX_M4F_STM32F4/Libraries/STM32F4xx_StdPeriph_Driver/src/stm32f4xx_spi.o
                0x0000000008007d7c                SPI_I2S_GetITStatus
 .text.SPI_I2S_ClearITPendingBit
                0x0000000008007df4       0x34 build/CORTEX_M4F_STM32F4/Libraries/STM32F4xx_StdPeriph_Driver/src/stm32f4xx_spi.o
                0x0000000008007df4                SPI_I2S_ClearITPendingBit
 .text.EXTI_DeInit
                0x0000000008007e28       0x50 build/CORTEX_M4F_STM32F4/Libraries/STM32F4xx_StdPeriph_Driver/src/stm32f4xx_exti.o
                0x0000000008007e28                EXTI_DeInit
 .text.EXTI_Init
                0x0000000008007e78      0x12c build/CORTEX_M4F_STM32F4/Libraries/STM32F4xx_StdPeriph_Driver/src/stm32f4xx_exti.o
                0x0000000008007e78                EXTI_Init
 .text.EXTI_StructInit
                0x0000000008007fa4       0x2c build/CORTEX_M4F_STM32F4/Libraries/STM32F4xx_StdPeriph_Driver/src/stm32f4xx_exti.o
                0x0000000008007fa4                EXTI_StructInit
 .text.EXTI_GenerateSWInterrupt
                0x0000000008007fd0       0x2c build/CORTEX_M4F_STM32F4/Libraries/STM32F4xx_StdPeriph_Driver/src/stm32f4xx_exti.o
                0x0000000008007fd0                EXTI_GenerateSWInterrupt
 .text.EXTI_GetFlagStatus
                0x0000000008007ffc       0x38 build/CORTEX_M4F_STM32F4/Libraries/STM32F4xx_StdPeriph_Driver/src/stm32f4xx_exti.o
                0x0000000008007ffc                EXTI_GetFlagStatus
 .text.EXTI_ClearFlag
                0x0000000008008034       0x20 build/CORTEX_M4F_STM32F4/Libraries/STM32F4xx_StdPeriph_Driver/src/stm32f4xx_exti.o
                0x0000000008008034                EXTI_ClearFlag
 .text.EXTI_GetITStatus
                0x0000000008008054       0x38 build/CORTEX_M4F_STM32F4/Libraries/STM32F4xx_StdPeriph_Driver/src/stm32f4xx_exti.o
                0x0000000008008054                EXTI_GetITStatus
 .text.EXTI_ClearITPendingBit
                0x000000000800808c       0x20 build/CORTEX_M4F_STM32F4/Libraries/STM32F4xx_StdPeriph_Driver/src/stm32f4xx_exti.o
                0x000000000800808c                EXTI_ClearITPendingBit
 .text.DMA2D_DeInit
                0x00000000080080ac       0x1c build/CORTEX_M4F_STM32F4/Libraries/STM32F4xx_StdPeriph_Driver/src/stm32f4xx_dma2d.o
                0x00000000080080ac                DMA2D_DeInit
 .text.DMA2D_Init
                0x00000000080080c8      0x1cc build/CORTEX_M4F_STM32F4/Libraries/STM32F4xx_StdPeriph_Driver/src/stm32f4xx_dma2d.o
                0x00000000080080c8                DMA2D_Init
 .text.DMA2D_StructInit
                0x0000000008008294       0x50 build/CORTEX_M4F_STM32F4/Libraries/STM32F4xx_StdPeriph_Driver/src/stm32f4xx_dma2d.o
                0x0000000008008294                DMA2D_StructInit
 .text.DMA2D_StartTransfer
                0x00000000080082e4       0x24 build/CORTEX_M4F_STM32F4/Libraries/STM32F4xx_StdPeriph_Driver/src/stm32f4xx_dma2d.o
[...]
 .debug_line    0x0000000000004c66      0x1e0 build/CORTEX_M4F_STM32F4/Libraries/STM32F4xx_StdPeriph_Driver/src/stm32f4xx_rng.o

.debug_info     0x0000000000000000     0xab74
 .debug_info    0x0000000000000000       0x73 build/CORTEX_M4F_STM32F4/startup_stm32f429_439xx.o
 .debug_info    0x0000000000000073      0x5bd build/CORTEX_M4F_STM32F4/startup/system_stm32f4xx.o
 .debug_info    0x0000000000000630      0x2e6 build/src/main.o
 .debug_info    0x0000000000000916      0x4be build/FreeRTOS/croutine.o
 .debug_info    0x0000000000000dd4      0x638 build/FreeRTOS/event_groups.o
 .debug_info    0x000000000000140c      0x29d build/FreeRTOS/list.o
 .debug_info    0x00000000000016a9      0xbab build/FreeRTOS/queue.o
 .debug_info    0x0000000000002254     0x11ad build/FreeRTOS/tasks.o
 .debug_info    0x0000000000003401      0x7b8 build/FreeRTOS/timers.o
 .debug_info    0x0000000000003bb9      0x335 build/FreeRTOS/portable/GCC/ARM_CM4F/port.o
 .debug_info    0x0000000000003eee      0x17e build/FreeRTOS/portable/MemMang/heap_1.o
 .debug_info    0x000000000000406c      0x541 build/CORTEX_M4F_STM32F4/Libraries/STM32F4xx_StdPeriph_Driver/src/misc.o
 .debug_info    0x00000000000045ad      0x609 build/CORTEX_M4F_STM32F4/Libraries/STM32F4xx_StdPeriph_Driver/src/stm32f4xx_gpio.o
 .debug_info    0x0000000000004bb6      0xe15 build/CORTEX_M4F_STM32F4/Libraries/STM32F4xx_StdPeriph_Driver/src/stm32f4xx_rcc.o
 .debug_info    0x00000000000059cb      0x9c6 build/CORTEX_M4F_STM32F4/Libraries/STM32F4xx_StdPeriph_Driver/src/stm32f4xx_usart.o
 .debug_info    0x0000000000006391      0x294 build/CORTEX_M4F_STM32F4/Libraries/STM32F4xx_StdPeriph_Driver/src/stm32f4xx_syscfg.o
 .debug_info    0x0000000000006625      0xb8b build/CORTEX_M4F_STM32F4/Libraries/STM32F4xx_StdPeriph_Driver/src/stm32f4xx_i2c.o
 .debug_info    0x00000000000071b0      0x73d build/CORTEX_M4F_STM32F4/Libraries/STM32F4xx_StdPeriph_Driver/src/stm32f4xx_dma.o
 .debug_info    0x00000000000078ed      0xb25 build/CORTEX_M4F_STM32F4/Libraries/STM32F4xx_StdPeriph_Driver/src/stm32f4xx_spi.o
 .debug_info    0x0000000000008412      0x33c build/CORTEX_M4F_STM32F4/Libraries/STM32F4xx_StdPeriph_Driver/src/stm32f4xx_exti.o
 .debug_info    0x000000000000874e      0x81d build/CORTEX_M4F_STM32F4/Libraries/STM32F4xx_StdPeriph_Driver/src/stm32f4xx_dma2d.o
 .debug_info    0x0000000000008f6b      0xcfc build/CORTEX_M4F_STM32F4/Libraries/STM32F4xx_StdPeriph_Driver/src/stm32f4xx_ltdc.o
 .debug_info    0x0000000000009c67      0xc8a build/CORTEX_M4F_STM32F4/Libraries/STM32F4xx_StdPeriph_Driver/src/stm32f4xx_fmc.o
 .debug_info    0x000000000000a8f1      0x283 build/CORTEX_M4F_STM32F4/Libraries/STM32F4xx_StdPeriph_Driver/src/stm32f4xx_rng.o

.debug_abbrev   0x0000000000000000     0x20fb
 .debug_abbrev  0x0000000000000000       0x12 build/CORTEX_M4F_STM32F4/startup_stm32f429_439xx.o
 .debug_abbrev  0x0000000000000012      0x138 build/CORTEX_M4F_STM32F4/startup/system_stm32f4xx.o
 .debug_abbrev  0x000000000000014a      0x14b build/src/main.o
 .debug_abbrev  0x0000000000000295      0x180 build/FreeRTOS/croutine.o
 .debug_abbrev  0x0000000000000415      0x137 build/FreeRTOS/event_groups.o
 .debug_abbrev  0x000000000000054c       0xbe build/FreeRTOS/list.o
 .debug_abbrev  0x000000000000060a      0x1ba build/FreeRTOS/queue.o
 .debug_abbrev  0x00000000000007c4      0x226 build/FreeRTOS/tasks.o
 .debug_abbrev  0x00000000000009ea      0x188 build/FreeRTOS/timers.o
 .debug_abbrev  0x0000000000000b72      0x19d build/FreeRTOS/portable/GCC/ARM_CM4F/port.o
 .debug_abbrev  0x0000000000000d0f       0xee build/FreeRTOS/portable/MemMang/heap_1.o
 .debug_abbrev  0x0000000000000dfd      0x147 build/CORTEX_M4F_STM32F4/Libraries/STM32F4xx_StdPeriph_Driver/src/misc.o
 .debug_abbrev  0x0000000000000f44      0x1a5 build/CORTEX_M4F_STM32F4/Libraries/STM32F4xx_StdPeriph_Driver/src/stm32f4xx_gpio.o
 .debug_abbrev  0x00000000000010e9      0x1bc build/CORTEX_M4F_STM32F4/Libraries/STM32F4xx_StdPeriph_Driver/src/stm32f4xx_rcc.o
 .debug_abbrev  0x00000000000012a5      0x157 build/CORTEX_M4F_STM32F4/Libraries/STM32F4xx_StdPeriph_Driver/src/stm32f4xx_usart.o
 .debug_abbrev  0x00000000000013fc      0x133 build/CORTEX_M4F_STM32F4/Libraries/STM32F4xx_StdPeriph_Driver/src/stm32f4xx_syscfg.o
 .debug_abbrev  0x000000000000152f      0x166 build/CORTEX_M4F_STM32F4/Libraries/STM32F4xx_StdPeriph_Driver/src/stm32f4xx_i2c.o
 .debug_abbrev  0x0000000000001695      0x157 build/CORTEX_M4F_STM32F4/Libraries/STM32F4xx_StdPeriph_Driver/src/stm32f4xx_dma.o
 .debug_abbrev  0x00000000000017ec      0x169 build/CORTEX_M4F_STM32F4/Libraries/STM32F4xx_StdPeriph_Driver/src/stm32f4xx_spi.o
 .debug_abbrev  0x0000000000001955      0x1a7 build/CORTEX_M4F_STM32F4/Libraries/STM32F4xx_StdPeriph_Driver/src/stm32f4xx_exti.o
 .debug_abbrev  0x0000000000001afc      0x1a8 build/CORTEX_M4F_STM32F4/Libraries/STM32F4xx_StdPeriph_Driver/src/stm32f4xx_dma2d.o
 .debug_abbrev  0x0000000000001ca4      0x190 build/CORTEX_M4F_STM32F4/Libraries/STM32F4xx_StdPeriph_Driver/src/stm32f4xx_ltdc.o
 .debug_abbrev  0x0000000000001e34      0x181 build/CORTEX_M4F_STM32F4/Libraries/STM32F4xx_StdPeriph_Driver/src/stm32f4xx_fmc.o
 .debug_abbrev  0x0000000000001fb5      0x146 build/CORTEX_M4F_STM32F4/Libraries/STM32F4xx_StdPeriph_Driver/src/stm32f4xx_rng.o

.debug_aranges  0x0000000000000000      0xf38
 .debug_aranges
                0x0000000000000000       0x28 build/CORTEX_M4F_STM32F4/startup_stm32f429_439xx.o
 .debug_aranges
                0x0000000000000028       0x30 build/CORTEX_M4F_STM32F4/startup/system_stm32f4xx.o
 .debug_aranges
                0x0000000000000058       0x30 build/src/main.o
 .debug_aranges
                0x0000000000000088       0x50 build/FreeRTOS/croutine.o
 .debug_aranges
                0x00000000000000d8       0x68 build/FreeRTOS/event_groups.o
 .debug_aranges
                0x0000000000000140       0x40 build/FreeRTOS/list.o
 .debug_aranges
                0x0000000000000180       0xf8 build/FreeRTOS/queue.o
 .debug_aranges
                0x0000000000000278      0x180 build/FreeRTOS/tasks.o
 .debug_aranges
                0x00000000000003f8       0x88 build/FreeRTOS/timers.o
 .debug_aranges
                0x0000000000000480       0x98 build/FreeRTOS/portable/GCC/ARM_CM4F/port.o
 .debug_aranges
                0x0000000000000518       0x38 build/FreeRTOS/portable/MemMang/heap_1.o
 .debug_aranges
                0x0000000000000550       0x40 build/CORTEX_M4F_STM32F4/Libraries/STM32F4xx_StdPeriph_Driver/src/misc.o
 .debug_aranges
                0x0000000000000590       0x88 build/CORTEX_M4F_STM32F4/Libraries/STM32F4xx_StdPeriph_Driver/src/stm32f4xx_gpio.o
 .debug_aranges
                0x0000000000000618      0x1b8 build/CORTEX_M4F_STM32F4/Libraries/STM32F4xx_StdPeriph_Driver/src/stm32f4xx_rcc.o
 .debug_aranges
                0x00000000000007d0      0x100 build/CORTEX_M4F_STM32F4/Libraries/STM32F4xx_StdPeriph_Driver/src/stm32f4xx_usart.o
 .debug_aranges
                0x00000000000008d0       0x50 build/CORTEX_M4F_STM32F4/Libraries/STM32F4xx_StdPeriph_Driver/src/stm32f4xx_syscfg.o
 .debug_aranges
                0x0000000000000920      0x130 build/CORTEX_M4F_STM32F4/Libraries/STM32F4xx_StdPeriph_Driver/src/stm32f4xx_i2c.o
 .debug_aranges
                0x0000000000000a50       0xb0 build/CORTEX_M4F_STM32F4/Libraries/STM32F4xx_StdPeriph_Driver/src/stm32f4xx_dma.o
 .debug_aranges
                0x0000000000000b00       0xe0 build/CORTEX_M4F_STM32F4/Libraries/STM32F4xx_StdPeriph_Driver/src/stm32f4xx_spi.o
 .debug_aranges
                0x0000000000000be0       0x58 build/CORTEX_M4F_STM32F4/Libraries/STM32F4xx_StdPeriph_Driver/src/stm32f4xx_exti.o
 .debug_aranges
                0x0000000000000c38       0xb0 build/CORTEX_M4F_STM32F4/Libraries/STM32F4xx_StdPeriph_Driver/src/stm32f4xx_dma2d.o
 .debug_aranges
                0x0000000000000ce8      0x108 build/CORTEX_M4F_STM32F4/Libraries/STM32F4xx_StdPeriph_Driver/src/stm32f4xx_ltdc.o
 .debug_aranges
                0x0000000000000df0       0xf0 build/CORTEX_M4F_STM32F4/Libraries/STM32F4xx_StdPeriph_Driver/src/stm32f4xx_fmc.o
 .debug_aranges
                0x0000000000000ee0       0x58 build/CORTEX_M4F_STM32F4/Libraries/STM32F4xx_StdPeriph_Driver/src/stm32f4xx_rng.o

.debug_ranges   0x0000000000000000      0xdc0
 .debug_ranges  0x0000000000000000       0x20 build/CORTEX_M4F_STM32F4/startup_stm32f429_439xx.o
 .debug_ranges  0x0000000000000020       0x20 build/CORTEX_M4F_STM32F4/startup/system_stm32f4xx.o
 .debug_ranges  0x0000000000000040       0x20 build/src/main.o
 .debug_ranges  0x0000000000000060       0x40 build/FreeRTOS/croutine.o
 .debug_ranges  0x00000000000000a0       0x58 build/FreeRTOS/event_groups.o
 .debug_ranges  0x00000000000000f8       0x30 build/FreeRTOS/list.o
 .debug_ranges  0x0000000000000128       0xe8 build/FreeRTOS/queue.o
 .debug_ranges  0x0000000000000210      0x170 build/FreeRTOS/tasks.o
 .debug_ranges  0x0000000000000380       0x78 build/FreeRTOS/timers.o
 .debug_ranges  0x00000000000003f8       0x88 build/FreeRTOS/portable/GCC/ARM_CM4F/port.o
 .debug_ranges  0x0000000000000480       0x28 build/FreeRTOS/portable/MemMang/heap_1.o
 .debug_ranges  0x00000000000004a8       0x30 build/CORTEX_M4F_STM32F4/Libraries/STM32F4xx_StdPeriph_Driver/src/misc.o
 .debug_ranges  0x00000000000004d8       0x78 build/CORTEX_M4F_STM32F4/Libraries/STM32F4xx_StdPeriph_Driver/src/stm32f4xx_gpio.o
 .debug_ranges  0x0000000000000550      0x1a8 build/CORTEX_M4F_STM32F4/Libraries/STM32F4xx_StdPeriph_Driver/src/stm32f4xx_rcc.o
 .debug_ranges  0x00000000000006f8       0xf0 build/CORTEX_M4F_STM32F4/Libraries/STM32F4xx_StdPeriph_Driver/src/stm32f4xx_usart.o
 .debug_ranges  0x00000000000007e8       0x40 build/CORTEX_M4F_STM32F4/Libraries/STM32F4xx_StdPeriph_Driver/src/stm32f4xx_syscfg.o
 .debug_ranges  0x0000000000000828      0x120 build/CORTEX_M4F_STM32F4/Libraries/STM32F4xx_StdPeriph_Driver/src/stm32f4xx_i2c.o
 .debug_ranges  0x0000000000000948       0xa0 build/CORTEX_M4F_STM32F4/Libraries/STM32F4xx_StdPeriph_Driver/src/stm32f4xx_dma.o
 .debug_ranges  0x00000000000009e8       0xd0 build/CORTEX_M4F_STM32F4/Libraries/STM32F4xx_StdPeriph_Driver/src/stm32f4xx_spi.o
 .debug_ranges  0x0000000000000ab8       0x48 build/CORTEX_M4F_STM32F4/Libraries/STM32F4xx_StdPeriph_Driver/src/stm32f4xx_exti.o
 .debug_ranges  0x0000000000000b00       0xa0 build/CORTEX_M4F_STM32F4/Libraries/STM32F4xx_StdPeriph_Driver/src/stm32f4xx_dma2d.o
 .debug_ranges  0x0000000000000ba0       0xf8 build/CORTEX_M4F_STM32F4/Libraries/STM32F4xx_StdPeriph_Driver/src/stm32f4xx_ltdc.o
 .debug_ranges  0x0000000000000c98       0xe0 build/CORTEX_M4F_STM32F4/Libraries/STM32F4xx_StdPeriph_Driver/src/stm32f4xx_fmc.o
 .debug_ranges  0x0000000000000d78       0x48 build/CORTEX_M4F_STM32F4/Libraries/STM32F4xx_StdPeriph_Driver/src/stm32f4xx_rng.o

.debug_str      0x0000000000000000     0x5424
 .debug_str     0x0000000000000000      0x3cb build/CORTEX_M4F_STM32F4/startup/system_stm32f4xx.o
                                        0x43f (size before relaxing)
 .debug_str     0x00000000000003cb      0x1d9 build/src/main.o
                                        0x3bc (size before relaxing)
 .debug_str     0x00000000000005a4      0x334 build/FreeRTOS/croutine.o
                                        0x533 (size before relaxing)
 .debug_str     0x00000000000008d8      0x298 build/FreeRTOS/event_groups.o
                                        0x52d (size before relaxing)
 .debug_str     0x0000000000000b70       0x9d build/FreeRTOS/list.o
                                        0x304 (size before relaxing)
 .debug_str     0x0000000000000c0d      0x4b4 build/FreeRTOS/queue.o
                                        0x796 (size before relaxing)
 .debug_str     0x00000000000010c1      0x88f build/FreeRTOS/tasks.o
                                        0xc24 (size before relaxing)
 .debug_str     0x0000000000001950      0x38e build/FreeRTOS/timers.o
                                        0x69d (size before relaxing)
 .debug_str     0x0000000000001cde      0x22f build/FreeRTOS/portable/GCC/ARM_CM4F/port.o
                                        0x45d (size before relaxing)
 .debug_str     0x0000000000001f0d       0x9e build/FreeRTOS/portable/MemMang/heap_1.o
                                        0x26c (size before relaxing)
 .debug_str     0x0000000000001fab      0x1e7 build/CORTEX_M4F_STM32F4/Libraries/STM32F4xx_StdPeriph_Driver/src/misc.o
                                        0x464 (size before relaxing)
 .debug_str     0x0000000000002192      0x1aa build/CORTEX_M4F_STM32F4/Libraries/STM32F4xx_StdPeriph_Driver/src/stm32f4xx_gpio.o
                                        0x536 (size before relaxing)
 .debug_str     0x000000000000233c      0x6ad build/CORTEX_M4F_STM32F4/Libraries/STM32F4xx_StdPeriph_Driver/src/stm32f4xx_rcc.o
                                        0xa33 (size before relaxing)
 .debug_str     0x00000000000029e9      0x43a build/CORTEX_M4F_STM32F4/Libraries/STM32F4xx_StdPeriph_Driver/src/stm32f4xx_usart.o
                                        0x725 (size before relaxing)
 .debug_str     0x0000000000002e23      0x180 build/CORTEX_M4F_STM32F4/Libraries/STM32F4xx_StdPeriph_Driver/src/stm32f4xx_syscfg.o
                                        0x3a4 (size before relaxing)
 .debug_str     0x0000000000002fa3      0x43a build/CORTEX_M4F_STM32F4/Libraries/STM32F4xx_StdPeriph_Driver/src/stm32f4xx_i2c.o
                                        0x748 (size before relaxing)
 .debug_str     0x00000000000033dd      0x38d build/CORTEX_M4F_STM32F4/Libraries/STM32F4xx_StdPeriph_Driver/src/stm32f4xx_dma.o
                                        0x5d8 (size before relaxing)
 .debug_str     0x000000000000376a      0x39c build/CORTEX_M4F_STM32F4/Libraries/STM32F4xx_StdPeriph_Driver/src/stm32f4xx_spi.o
                                        0x733 (size before relaxing)
 .debug_str     0x0000000000003b06      0x1d0 build/CORTEX_M4F_STM32F4/Libraries/STM32F4xx_StdPeriph_Driver/src/stm32f4xx_exti.o
                                        0x3e2 (size before relaxing)
 .debug_str     0x0000000000003cd6      0x58c build/CORTEX_M4F_STM32F4/Libraries/STM32F4xx_StdPeriph_Driver/src/stm32f4xx_dma2d.o
                                        0x7cc (size before relaxing)
 .debug_str     0x0000000000004262      0x814 build/CORTEX_M4F_STM32F4/Libraries/STM32F4xx_StdPeriph_Driver/src/stm32f4xx_ltdc.o
                                        0xabe (size before relaxing)
 .debug_str     0x0000000000004a76      0x8cc build/CORTEX_M4F_STM32F4/Libraries/STM32F4xx_StdPeriph_Driver/src/stm32f4xx_fmc.o
                                        0xb01 (size before relaxing)
 .debug_str     0x0000000000005342       0xe2 build/CORTEX_M4F_STM32F4/Libraries/STM32F4xx_StdPeriph_Driver/src/stm32f4xx_rng.o
                                        0x30f (size before relaxing)

.comment        0x0000000000000000       0x1f
 .comment       0x0000000000000000       0x1f build/CORTEX_M4F_STM32F4/startup/system_stm32f4xx.o
                                         0x20 (size before relaxing)
 .comment       0x0000000000000000       0x20 build/src/main.o
 .comment       0x0000000000000000       0x20 build/FreeRTOS/croutine.o
 .comment       0x0000000000000000       0x20 build/FreeRTOS/event_groups.o
 .comment       0x0000000000000000       0x20 build/FreeRTOS/list.o
 .comment       0x0000000000000000       0x20 build/FreeRTOS/queue.o
 .comment       0x0000000000000000       0x20 build/FreeRTOS/tasks.o
 .comment       0x0000000000000000       0x20 build/FreeRTOS/timers.o
 .comment       0x0000000000000000       0x20 build/FreeRTOS/portable/GCC/ARM_CM4F/port.o
 .comment       0x0000000000000000       0x20 build/FreeRTOS/portable/MemMang/heap_1.o
 .comment       0x0000000000000000       0x20 build/CORTEX_M4F_STM32F4/Libraries/STM32F4xx_StdPeriph_Driver/src/misc.o
 .comment       0x0000000000000000       0x20 build/CORTEX_M4F_STM32F4/Libraries/STM32F4xx_StdPeriph_Driver/src/stm32f4xx_gpio.o
 .comment       0x0000000000000000       0x20 build/CORTEX_M4F_STM32F4/Libraries/STM32F4xx_StdPeriph_Driver/src/stm32f4xx_rcc.o
 .comment       0x0000000000000000       0x20 build/CORTEX_M4F_STM32F4/Libraries/STM32F4xx_StdPeriph_Driver/src/stm32f4xx_usart.o
 .comment       0x0000000000000000       0x20 build/CORTEX_M4F_STM32F4/Libraries/STM32F4xx_StdPeriph_Driver/src/stm32f4xx_syscfg.o
 .comment       0x0000000000000000       0x20 build/CORTEX_M4F_STM32F4/Libraries/STM32F4xx_StdPeriph_Driver/src/stm32f4xx_i2c.o
 .comment       0x0000000000000000       0x20 build/CORTEX_M4F_STM32F4/Libraries/STM32F4xx_StdPeriph_Driver/src/stm32f4xx_dma.o
 .comment       0x0000000000000000       0x20 build/CORTEX_M4F_STM32F4/Libraries/STM32F4xx_StdPeriph_Driver/src/stm32f4xx_spi.o
 .comment       0x0000000000000000       0x20 build/CORTEX_M4F_STM32F4/Libraries/STM32F4xx_StdPeriph_Driver/src/stm32f4xx_exti.o
 .comment       0x0000000000000000       0x20 build/CORTEX_M4F_STM32F4/Libraries/STM32F4xx_StdPeriph_Driver/src/stm32f4xx_dma2d.o
 .comment       0x0000000000000000       0x20 build/CORTEX_M4F_STM32F4/Libraries/STM32F4xx_StdPeriph_Driver/src/stm32f4xx_ltdc.o
 .comment       0x0000000000000000       0x20 build/CORTEX_M4F_STM32F4/Libraries/STM32F4xx_StdPeriph_Driver/src/stm32f4xx_fmc.o
 .comment       0x0000000000000000       0x20 build/CORTEX_M4F_STM32F4/Libraries/STM32F4xx_StdPeriph_Driver/src/stm32f4xx_rng.o

.debug_frame    0x0000000000000000     0x2f9c
 .debug_frame   0x0000000000000000       0x64 build/CORTEX_M4F_STM32F4/startup/system_stm32f4xx.o
 .debug_frame   0x0000000000000064       0x6c build/src/main.o
 .debug_frame   0x00000000000000d0       0xf0 build/FreeRTOS/croutine.o
 .debug_frame   0x00000000000001c0      0x148 build/FreeRTOS/event_groups.o
 .debug_frame   0x0000000000000308       0x9c build/FreeRTOS/list.o
 .debug_frame   0x00000000000003a4      0x37c build/FreeRTOS/queue.o
 .debug_frame   0x0000000000000720      0x578 build/FreeRTOS/tasks.o
 .debug_frame   0x0000000000000c98      0x1c4 build/FreeRTOS/timers.o
 .debug_frame   0x0000000000000e5c      0x188 build/FreeRTOS/portable/GCC/ARM_CM4F/port.o
 .debug_frame   0x0000000000000fe4       0x80 build/FreeRTOS/portable/MemMang/heap_1.o
 .debug_frame   0x0000000000001064       0x9c build/CORTEX_M4F_STM32F4/Libraries/STM32F4xx_StdPeriph_Driver/src/misc.o
 .debug_frame   0x0000000000001100      0x19c build/CORTEX_M4F_STM32F4/Libraries/STM32F4xx_StdPeriph_Driver/src/stm32f4xx_gpio.o
 .debug_frame   0x000000000000129c      0x5b8 build/CORTEX_M4F_STM32F4/Libraries/STM32F4xx_StdPeriph_Driver/src/stm32f4xx_rcc.o
 .debug_frame   0x0000000000001854      0x344 build/CORTEX_M4F_STM32F4/Libraries/STM32F4xx_StdPeriph_Driver/src/stm32f4xx_usart.o
 .debug_frame   0x0000000000001b98       0xd8 build/CORTEX_M4F_STM32F4/Libraries/STM32F4xx_StdPeriph_Driver/src/stm32f4xx_syscfg.o
 .debug_frame   0x0000000000001c70      0x3ec build/CORTEX_M4F_STM32F4/Libraries/STM32F4xx_StdPeriph_Driver/src/stm32f4xx_i2c.o
 .debug_frame   0x000000000000205c      0x224 build/CORTEX_M4F_STM32F4/Libraries/STM32F4xx_StdPeriph_Driver/src/stm32f4xx_dma.o
 .debug_frame   0x0000000000002280      0x2d0 build/CORTEX_M4F_STM32F4/Libraries/STM32F4xx_StdPeriph_Driver/src/stm32f4xx_spi.o
 .debug_frame   0x0000000000002550       0xec build/CORTEX_M4F_STM32F4/Libraries/STM32F4xx_StdPeriph_Driver/src/stm32f4xx_exti.o
 .debug_frame   0x000000000000263c      0x21c build/CORTEX_M4F_STM32F4/Libraries/STM32F4xx_StdPeriph_Driver/src/stm32f4xx_dma2d.o
 .debug_frame   0x0000000000002858      0x358 build/CORTEX_M4F_STM32F4/Libraries/STM32F4xx_StdPeriph_Driver/src/stm32f4xx_ltdc.o
 .debug_frame   0x0000000000002bb0      0x300 build/CORTEX_M4F_STM32F4/Libraries/STM32F4xx_StdPeriph_Driver/src/stm32f4xx_fmc.o
 .debug_frame   0x0000000000002eb0       0xec build/CORTEX_M4F_STM32F4/Libraries/STM32F4xx_StdPeriph_Driver/src/stm32f4xx_rng.o
